Component: ARM Compiler 5.05 update 1 (build 106) Tool: armlink [4d0efa]

==============================================================================

Section Cross References

    main.o(.text) refers to _printf_percent.o(.ARM.Collect$$_printf_percent$$00000000) for _printf_percent
    main.o(.text) refers to _printf_f.o(.ARM.Collect$$_printf_percent$$00000003) for _printf_f
    main.o(.text) refers to printf1.o(x$fpl$printf1) for _printf_fp_dec
    main.o(.text) refers to misc.o(.text) for NVIC_PriorityGroupConfig
    main.o(.text) refers to delay.o(.text) for delay_init
    main.o(.text) refers to usart.o(.text) for uart_init
    main.o(.text) refers to led.o(.text) for LED_Init
    main.o(.text) refers to key.o(.text) for KEY_Init
    main.o(.text) refers to lcd.o(.text) for LCD_Init
    main.o(.text) refers to mpu6050.o(.text) for MPU_Init
    main.o(.text) refers to inv_mpu.o(.text) for mpu_dmp_init
    main.o(.text) refers to fmul.o(x$fpl$fmul) for __aeabi_fmul
    main.o(.text) refers to ffix.o(x$fpl$ffix) for __aeabi_f2iz
    main.o(.text) refers to usmart_config.o(.data) for usmart_dev
    main.o(.text) refers to lcd.o(.data) for POINT_COLOR
    main.o(.text) refers to f2d.o(x$fpl$f2d) for __aeabi_f2d
    main.o(.text) refers to noretval__2printf.o(.text) for __2printf
    system_stm32f10x.o(.text) refers to system_stm32f10x.o(.data) for SystemCoreClock
    led.o(.text) refers to stm32f10x_rcc.o(.text) for RCC_APB2PeriphClockCmd
    led.o(.text) refers to stm32f10x_gpio.o(.text) for GPIO_Init
    key.o(.text) refers to stm32f10x_rcc.o(.text) for RCC_APB2PeriphClockCmd
    key.o(.text) refers to stm32f10x_gpio.o(.text) for GPIO_PinRemapConfig
    key.o(.text) refers to delay.o(.text) for delay_ms
    key.o(.text) refers to key.o(.data) for key_up
    lcd.o(.text) refers to delay.o(.text) for delay_us
    lcd.o(.text) refers to lcd.o(.bss) for lcddev
    lcd.o(.text) refers to dflt_clz.o(x$fpl$dfltu) for __aeabi_ui2d
    lcd.o(.text) refers to dmul.o(x$fpl$dmul) for __aeabi_dmul
    lcd.o(.text) refers to dfixu.o(x$fpl$dfixu) for __aeabi_d2uiz
    lcd.o(.text) refers to lcd.o(.data) for POINT_COLOR
    lcd.o(.text) refers to stm32f10x_rcc.o(.text) for RCC_APB2PeriphClockCmd
    lcd.o(.text) refers to stm32f10x_gpio.o(.text) for GPIO_PinRemapConfig
    lcd.o(.text) refers to lcd.o(.constdata) for asc2_1206
    mpuiic.o(.text) refers to delay.o(.text) for delay_us
    mpuiic.o(.text) refers to stm32f10x_rcc.o(.text) for RCC_APB2PeriphClockCmd
    mpuiic.o(.text) refers to stm32f10x_gpio.o(.text) for GPIO_Init
    mpu6050.o(.text) refers to mpuiic.o(.text) for MPU_IIC_Start
    mpu6050.o(.text) refers to delay.o(.text) for delay_ms
    mpu6050.o(.text) refers to dflt_clz.o(x$fpl$dflt) for __aeabi_i2d
    mpu6050.o(.text) refers to ddiv.o(x$fpl$ddiv) for __aeabi_ddiv
    mpu6050.o(.text) refers to daddsub_clz.o(x$fpl$dadd) for __aeabi_dadd
    mpu6050.o(.text) refers to d2f.o(x$fpl$d2f) for __aeabi_d2f
    mpu6050.o(.text) refers to fmul.o(x$fpl$fmul) for __aeabi_fmul
    mpu6050.o(.text) refers to ffix.o(x$fpl$ffix) for __aeabi_f2iz
    inv_mpu_dmp_motion_driver.o(.text) refers to inv_mpu.o(.text) for mpu_load_firmware
    inv_mpu_dmp_motion_driver.o(.text) refers to inv_mpu_dmp_motion_driver.o(.constdata) for dmp_memory
    inv_mpu_dmp_motion_driver.o(.text) refers to inv_mpu_dmp_motion_driver.o(.bss) for dmp
    inv_mpu_dmp_motion_driver.o(.text) refers to fflt_clz.o(x$fpl$ffltu) for __aeabi_ui2f
    inv_mpu_dmp_motion_driver.o(.text) refers to fdiv.o(x$fpl$fdiv) for __aeabi_fdiv
    inv_mpu_dmp_motion_driver.o(.text) refers to fmul.o(x$fpl$fmul) for __aeabi_fmul
    inv_mpu_dmp_motion_driver.o(.text) refers to ffixu.o(x$fpl$ffixu) for __aeabi_f2uiz
    inv_mpu_dmp_motion_driver.o(.text) refers to aeabi_memset.o(.text) for __aeabi_memset
    inv_mpu.o(.text) refers to _printf_pad.o(.text) for _printf_pre_padding
    inv_mpu.o(.text) refers to _printf_percent.o(.ARM.Collect$$_printf_percent$$00000000) for _printf_percent
    inv_mpu.o(.text) refers to _printf_x.o(.ARM.Collect$$_printf_percent$$0000000C) for _printf_x
    inv_mpu.o(.text) refers to _printf_hex_int.o(.text) for _printf_longlong_hex
    inv_mpu.o(.text) refers to _printf_d.o(.ARM.Collect$$_printf_percent$$00000009) for _printf_d
    inv_mpu.o(.text) refers to _printf_dec.o(.text) for _printf_int_dec
    inv_mpu.o(.text) refers to mpu6050.o(.text) for MPU_Write_Len
    inv_mpu.o(.text) refers to noretval__2printf.o(.text) for __2printf
    inv_mpu.o(.text) refers to delay.o(.text) for delay_ms
    inv_mpu.o(.text) refers to inv_mpu.o(.data) for st
    inv_mpu.o(.text) refers to fflt_clz.o(x$fpl$ffltu) for __aeabi_ui2f
    inv_mpu.o(.text) refers to fflt_clz.o(x$fpl$fflt) for __aeabi_i2f
    inv_mpu.o(.text) refers to faddsub_clz.o(x$fpl$fsub) for __aeabi_fsub
    inv_mpu.o(.text) refers to fdiv.o(x$fpl$fdiv) for __aeabi_fdiv
    inv_mpu.o(.text) refers to faddsub_clz.o(x$fpl$fadd) for __aeabi_fadd
[...]
    _atexit_init                              - Undefined Weak Reference
    _call_atexit_fns                          - Undefined Weak Reference
    _clock_init                               - Undefined Weak Reference
    _fp_trap_init                             - Undefined Weak Reference
    _fp_trap_shutdown                         - Undefined Weak Reference
    _get_lc_collate                           - Undefined Weak Reference
    _get_lc_ctype                             - Undefined Weak Reference
    _get_lc_monetary                          - Undefined Weak Reference
    _get_lc_time                              - Undefined Weak Reference
    _getenv_init                              - Undefined Weak Reference
    _handle_redirection                       - Undefined Weak Reference
    _init_alloc                               - Undefined Weak Reference
    _init_user_alloc                          - Undefined Weak Reference
    _initio                                   - Undefined Weak Reference
    _mutex_acquire                            - Undefined Weak Reference
    _mutex_release                            - Undefined Weak Reference
    _printf_mbtowc                            - Undefined Weak Reference
    _printf_truncate_signed                   - Undefined Weak Reference
    _printf_truncate_unsigned                 - Undefined Weak Reference
    _rand_init                                - Undefined Weak Reference
    _signal_finish                            - Undefined Weak Reference
    _signal_init                              - Undefined Weak Reference
    _terminate_alloc                          - Undefined Weak Reference
    _terminate_user_alloc                     - Undefined Weak Reference
    _terminateio                              - Undefined Weak Reference
    __Vectors_Size                           0x00000130   Number         0  startup_stm32f10x_hd.o ABSOLUTE
    __Vectors                                0x08000000   Data           4  startup_stm32f10x_hd.o(RESET)
    __Vectors_End                            0x08000130   Data           0  startup_stm32f10x_hd.o(RESET)
    __main                                   0x08000131   Thumb Code     8  __main.o(!!!main)
    __scatterload                            0x08000139   Thumb Code     0  __scatter.o(!!!scatter)
    __scatterload_rt2                        0x08000139   Thumb Code    44  __scatter.o(!!!scatter)
    __scatterload_rt2_thumb_only             0x08000139   Thumb Code     0  __scatter.o(!!!scatter)
    __scatterload_null                       0x08000147   Thumb Code     0  __scatter.o(!!!scatter)
    __decompress                             0x0800016d   Thumb Code    90  __dczerorl2.o(!!dczerorl2)
    __decompress1                            0x0800016d   Thumb Code     0  __dczerorl2.o(!!dczerorl2)
    __scatterload_zeroinit                   0x080001c9   Thumb Code    28  __scatter_zi.o(!!handler_zi)
    _printf_f                                0x080001e5   Thumb Code     0  _printf_f.o(.ARM.Collect$$_printf_percent$$00000003)
    _printf_percent                          0x080001e5   Thumb Code     0  _printf_percent.o(.ARM.Collect$$_printf_percent$$00000000)
    _printf_d                                0x080001eb   Thumb Code     0  _printf_d.o(.ARM.Collect$$_printf_percent$$00000009)
    _printf_u                                0x080001f1   Thumb Code     0  _printf_u.o(.ARM.Collect$$_printf_percent$$0000000A)
    _printf_x                                0x080001f7   Thumb Code     0  _printf_x.o(.ARM.Collect$$_printf_percent$$0000000C)
    _printf_c                                0x080001fd   Thumb Code     0  _printf_c.o(.ARM.Collect$$_printf_percent$$00000013)
    _printf_s                                0x08000203   Thumb Code     0  _printf_s.o(.ARM.Collect$$_printf_percent$$00000014)
    _printf_percent_end                      0x08000209   Thumb Code     0  _printf_percent_end.o(.ARM.Collect$$_printf_percent$$00000017)
    __rt_lib_init                            0x0800020d   Thumb Code     0  libinit.o(.ARM.Collect$$libinit$$00000000)
    __rt_lib_init_fp_1                       0x0800020f   Thumb Code     0  libinit2.o(.ARM.Collect$$libinit$$00000002)
    __rt_lib_init_heap_1                     0x0800020f   Thumb Code     0  libinit2.o(.ARM.Collect$$libinit$$0000000A)
    __rt_lib_init_lc_common                  0x0800020f   Thumb Code     0  libinit2.o(.ARM.Collect$$libinit$$0000000F)
    __rt_lib_init_preinit_1                  0x0800020f   Thumb Code     0  libinit2.o(.ARM.Collect$$libinit$$00000004)
    __rt_lib_init_rand_1                     0x0800020f   Thumb Code     0  libinit2.o(.ARM.Collect$$libinit$$0000000E)
    __rt_lib_init_user_alloc_1               0x0800020f   Thumb Code     0  libinit2.o(.ARM.Collect$$libinit$$0000000C)
    __rt_lib_init_lc_collate_1               0x08000215   Thumb Code     0  libinit2.o(.ARM.Collect$$libinit$$00000011)
    __rt_lib_init_lc_ctype_1                 0x08000215   Thumb Code     0  libinit2.o(.ARM.Collect$$libinit$$00000013)
    __rt_lib_init_lc_monetary_1              0x08000215   Thumb Code     0  libinit2.o(.ARM.Collect$$libinit$$00000015)
    __rt_lib_init_lc_numeric_2               0x08000215   Thumb Code     0  libinit2.o(.ARM.Collect$$libinit$$00000016)
    __rt_lib_init_alloca_1                   0x0800021f   Thumb Code     0  libinit2.o(.ARM.Collect$$libinit$$0000002E)
    __rt_lib_init_argv_1                     0x0800021f   Thumb Code     0  libinit2.o(.ARM.Collect$$libinit$$0000002C)
    __rt_lib_init_atexit_1                   0x0800021f   Thumb Code     0  libinit2.o(.ARM.Collect$$libinit$$0000001B)
    __rt_lib_init_clock_1                    0x0800021f   Thumb Code     0  libinit2.o(.ARM.Collect$$libinit$$00000021)
    __rt_lib_init_cpp_1                      0x0800021f   Thumb Code     0  libinit2.o(.ARM.Collect$$libinit$$00000032)
    __rt_lib_init_exceptions_1               0x0800021f   Thumb Code     0  libinit2.o(.ARM.Collect$$libinit$$00000030)
    __rt_lib_init_fp_trap_1                  0x0800021f   Thumb Code     0  libinit2.o(.ARM.Collect$$libinit$$0000001F)
    __rt_lib_init_getenv_1                   0x0800021f   Thumb Code     0  libinit2.o(.ARM.Collect$$libinit$$00000023)
    __rt_lib_init_lc_numeric_1               0x0800021f   Thumb Code     0  libinit2.o(.ARM.Collect$$libinit$$00000017)
    __rt_lib_init_lc_time_1                  0x0800021f   Thumb Code     0  libinit2.o(.ARM.Collect$$libinit$$00000019)
    __rt_lib_init_return                     0x0800021f   Thumb Code     0  libinit2.o(.ARM.Collect$$libinit$$00000033)
    __rt_lib_init_signal_1                   0x0800021f   Thumb Code     0  libinit2.o(.ARM.Collect$$libinit$$0000001D)
    __rt_lib_init_stdio_1                    0x0800021f   Thumb Code     0  libinit2.o(.ARM.Collect$$libinit$$00000025)
    __rt_lib_shutdown                        0x08000221   Thumb Code     0  libshutdown.o(.ARM.Collect$$libshutdown$$00000000)
    __rt_lib_shutdown_fp_trap_1              0x08000223   Thumb Code     0  libshutdown2.o(.ARM.Collect$$libshutdown$$00000006)
    __rt_lib_shutdown_heap_1                 0x08000223   Thumb Code     0  libshutdown2.o(.ARM.Collect$$libshutdown$$0000000E)
    __rt_lib_shutdown_return                 0x08000223   Thumb Code     0  libshutdown2.o(.ARM.Collect$$libshutdown$$0000000F)
    __rt_lib_shutdown_signal_1               0x08000223   Thumb Code     0  libshutdown2.o(.ARM.Collect$$libshutdown$$00000009)
    __rt_lib_shutdown_stdio_1                0x08000223   Thumb Code     0  libshutdown2.o(.ARM.Collect$$libshutdown$$00000003)
    __rt_lib_shutdown_user_alloc_1           0x08000223   Thumb Code     0  libshutdown2.o(.ARM.Collect$$libshutdown$$0000000B)
    __rt_entry                               0x08000225   Thumb Code     0  __rtentry.o(.ARM.Collect$$rtentry$$00000000)
    __rt_entry_presh_1                       0x08000225   Thumb Code     0  __rtentry2.o(.ARM.Collect$$rtentry$$00000002)
    __rt_entry_sh                            0x08000225   Thumb Code     0  __rtentry4.o(.ARM.Collect$$rtentry$$00000004)
    __rt_entry_li                            0x0800022b   Thumb Code     0  __rtentry2.o(.ARM.Collect$$rtentry$$0000000A)
    __rt_entry_postsh_1                      0x0800022b   Thumb Code     0  __rtentry2.o(.ARM.Collect$$rtentry$$00000009)
    __rt_entry_main                          0x0800022f   Thumb Code     0  __rtentry2.o(.ARM.Collect$$rtentry$$0000000D)
    __rt_entry_postli_1                      0x0800022f   Thumb Code     0  __rtentry2.o(.ARM.Collect$$rtentry$$0000000C)
    __rt_exit                                0x08000237   Thumb Code     0  rtexit.o(.ARM.Collect$$rtexit$$00000000)
    __rt_exit_ls                             0x08000239   Thumb Code     0  rtexit2.o(.ARM.Collect$$rtexit$$00000003)
    __rt_exit_prels_1                        0x08000239   Thumb Code     0  rtexit2.o(.ARM.Collect$$rtexit$$00000002)
    __rt_exit_exit                           0x0800023d   Thumb Code     0  rtexit2.o(.ARM.Collect$$rtexit$$00000004)
    usart1_send_char                         0x08000245   Thumb Code    22  main.o(.text)
    usart1_niming_report                     0x0800025b   Thumb Code   120  main.o(.text)
    mpu6050_send_data                        0x080002d3   Thumb Code   110  main.o(.text)
    usart1_report_imu                        0x08000341   Thumb Code   192  main.o(.text)
    main                                     0x08000401   Thumb Code  1278  main.o(.text)
    NMI_Handler                              0x08000911   Thumb Code     2  stm32f10x_it.o(.text)
    HardFault_Handler                        0x08000913   Thumb Code     4  stm32f10x_it.o(.text)
    MemManage_Handler                        0x08000917   Thumb Code     4  stm32f10x_it.o(.text)
    BusFault_Handler                         0x0800091b   Thumb Code     4  stm32f10x_it.o(.text)
    UsageFault_Handler                       0x0800091f   Thumb Code     4  stm32f10x_it.o(.text)
    SVC_Handler                              0x08000923   Thumb Code     2  stm32f10x_it.o(.text)
    DebugMon_Handler                         0x08000925   Thumb Code     2  stm32f10x_it.o(.text)
    PendSV_Handler                           0x08000927   Thumb Code     2  stm32f10x_it.o(.text)
    SysTick_Handler                          0x08000929   Thumb Code     2  stm32f10x_it.o(.text)
    SystemInit                               0x08000a0b   Thumb Code    78  system_stm32f10x.o(.text)
    SystemCoreClockUpdate                    0x08000a59   Thumb Code   142  system_stm32f10x.o(.text)
    LED_Init                                 0x08000b0d   Thumb Code    72  led.o(.text)
    KEY_Init                                 0x08000b5d   Thumb Code    82  key.o(.text)
    KEY_Scan                                 0x08000baf   Thumb Code   154  key.o(.text)
    LCD_WR_REG                               0x08000c59   Thumb Code    28  lcd.o(.text)
    LCD_WR_DATAX                             0x08000c75   Thumb Code    28  lcd.o(.text)
    LCD_RD_DATA                              0x08000c91   Thumb Code    98  lcd.o(.text)
    LCD_WriteReg                             0x08000cf3   Thumb Code    40  lcd.o(.text)
    LCD_ReadReg                              0x08000d1b   Thumb Code    16  lcd.o(.text)
    LCD_WriteRAM_Prepare                     0x08000d2b   Thumb Code    12  lcd.o(.text)
    LCD_WriteRAM                             0x08000d37   Thumb Code    28  lcd.o(.text)
    LCD_BGR2RGB                              0x08000d53   Thumb Code    26  lcd.o(.text)
    opt_delay                                0x08000d6d   Thumb Code    14  lcd.o(.text)
    LCD_SetCursor                            0x08000d7b   Thumb Code   956  lcd.o(.text)
    LCD_ReadPoint                            0x08001137   Thumb Code   506  lcd.o(.text)
    LCD_DisplayOn                            0x08001331   Thumb Code    92  lcd.o(.text)
    LCD_DisplayOff                           0x0800138d   Thumb Code    90  lcd.o(.text)
    LCD_Scan_Dir                             0x080013e7   Thumb Code  1126  lcd.o(.text)
    LCD_DrawPoint                            0x0800184d   Thumb Code    52  lcd.o(.text)
    LCD_Fast_DrawPoint                       0x08001881   Thumb Code   854  lcd.o(.text)
    LCD_SSD_BackLightSet                     0x08001bd7   Thumb Code   220  lcd.o(.text)
    LCD_Display_Dir                          0x08001cb3   Thumb Code   444  lcd.o(.text)
    LCD_Set_Window                           0x08001e6f   Thumb Code  1078  lcd.o(.text)
    LCD_Clear                                0x080022a5   Thumb Code   122  lcd.o(.text)
    LCD_Init                                 0x0800231f   Thumb Code 15270  lcd.o(.text)
    LCD_Fill                                 0x08005ec5   Thumb Code   200  lcd.o(.text)
    LCD_Color_Fill                           0x08005f8d   Thumb Code   116  lcd.o(.text)
    LCD_DrawLine                             0x08006001   Thumb Code   176  lcd.o(.text)
    LCD_DrawRectangle                        0x080060b1   Thumb Code    60  lcd.o(.text)
    LCD_Draw_Circle                          0x080060ed   Thumb Code   152  lcd.o(.text)
    LCD_ShowChar                             0x08006185   Thumb Code   272  lcd.o(.text)
    LCD_Pow                                  0x08006295   Thumb Code    22  lcd.o(.text)
    LCD_ShowNum                              0x080062ab   Thumb Code   180  lcd.o(.text)
    LCD_ShowxNum                             0x0800635f   Thumb Code   190  lcd.o(.text)
    LCD_ShowString                           0x0800641d   Thumb Code   102  lcd.o(.text)
    MPU_IIC_Delay                            0x08006485   Thumb Code    10  mpuiic.o(.text)
    MPU_IIC_Init                             0x0800648f   Thumb Code    50  mpuiic.o(.text)
    MPU_IIC_Start                            0x080064c1   Thumb Code    60  mpuiic.o(.text)
    MPU_IIC_Stop                             0x080064fd   Thumb Code    62  mpuiic.o(.text)
    MPU_IIC_Wait_Ack                         0x0800653b   Thumb Code    86  mpuiic.o(.text)
    MPU_IIC_Ack                              0x08006591   Thumb Code    66  mpuiic.o(.text)
    MPU_IIC_NAck                             0x080065d3   Thumb Code    66  mpuiic.o(.text)
    MPU_IIC_Send_Byte                        0x08006615   Thumb Code    82  mpuiic.o(.text)
    MPU_IIC_Read_Byte                        0x08006667   Thumb Code    96  mpuiic.o(.text)
    MPU_Write_Byte                           0x080066d5   Thumb Code    68  mpu6050.o(.text)
    MPU_Set_LPF                              0x08006719   Thumb Code    58  mpu6050.o(.text)
    MPU_Set_Rate                             0x08006753   Thumb Code    58  mpu6050.o(.text)
    MPU_Read_Byte                            0x0800678d   Thumb Code    58  mpu6050.o(.text)
    MPU_Set_Accel_Fsr                        0x080067c7   Thumb Code    16  mpu6050.o(.text)
    MPU_Set_Gyro_Fsr                         0x080067d7   Thumb Code    16  mpu6050.o(.text)
    MPU_Init                                 0x080067e7   Thumb Code   122  mpu6050.o(.text)
    MPU_Read_Len                             0x08006861   Thumb Code   116  mpu6050.o(.text)
    MPU_Get_Temperature                      0x080068d5   Thumb Code    86  mpu6050.o(.text)
    MPU_Get_Gyroscope                        0x0800692b   Thumb Code    80  mpu6050.o(.text)
    MPU_Get_Accelerometer                    0x0800697b   Thumb Code    80  mpu6050.o(.text)
    MPU_Write_Len                            0x080069cb   Thumb Code    96  mpu6050.o(.text)
    dmp_load_motion_driver_firmware          0x08006a3d   Thumb Code    20  inv_mpu_dmp_motion_driver.o(.text)
    dmp_set_orientation                      0x08006a51   Thumb Code   290  inv_mpu_dmp_motion_driver.o(.text)
    dmp_set_gyro_bias                        0x08006b73   Thumb Code   294  inv_mpu_dmp_motion_driver.o(.text)
    dmp_set_accel_bias                       0x08006c99   Thumb Code   300  inv_mpu_dmp_motion_driver.o(.text)
    dmp_set_fifo_rate                        0x08006dc5   Thumb Code   136  inv_mpu_dmp_motion_driver.o(.text)
    dmp_get_fifo_rate                        0x08006e4d   Thumb Code    12  inv_mpu_dmp_motion_driver.o(.text)
    dmp_set_tap_thresh                       0x08006e59   Thumb Code   396  inv_mpu_dmp_motion_driver.o(.text)
    dmp_set_tap_axes                         0x08006fe5   Thumb Code    70  inv_mpu_dmp_motion_driver.o(.text)
    dmp_set_tap_count                        0x0800702b   Thumb Code    38  inv_mpu_dmp_motion_driver.o(.text)
    dmp_set_tap_time                         0x08007051   Thumb Code    38  inv_mpu_dmp_motion_driver.o(.text)
    dmp_set_tap_time_multi                   0x08007077   Thumb Code    38  inv_mpu_dmp_motion_driver.o(.text)
    dmp_set_shake_reject_thresh              0x0800709d   Thumb Code    56  inv_mpu_dmp_motion_driver.o(.text)
    dmp_set_shake_reject_time                0x080070d5   Thumb Code    38  inv_mpu_dmp_motion_driver.o(.text)
    dmp_set_shake_reject_timeout             0x080070fb   Thumb Code    38  inv_mpu_dmp_motion_driver.o(.text)
    dmp_get_pedometer_step_count             0x08007121   Thumb Code    66  inv_mpu_dmp_motion_driver.o(.text)
    dmp_set_pedometer_step_count             0x08007163   Thumb Code    42  inv_mpu_dmp_motion_driver.o(.text)
    dmp_get_pedometer_walk_time              0x0800718d   Thumb Code    72  inv_mpu_dmp_motion_driver.o(.text)
    dmp_set_pedometer_walk_time              0x080071d5   Thumb Code    48  inv_mpu_dmp_motion_driver.o(.text)
    dmp_enable_6x_lp_quat                    0x08007205   Thumb Code    84  inv_mpu_dmp_motion_driver.o(.text)
    dmp_enable_lp_quat                       0x08007259   Thumb Code    60  inv_mpu_dmp_motion_driver.o(.text)
    dmp_enable_gyro_cal                      0x08007295   Thumb Code    62  inv_mpu_dmp_motion_driver.o(.text)
    dmp_enable_feature                       0x080072d3   Thumb Code   530  inv_mpu_dmp_motion_driver.o(.text)
    dmp_get_enabled_features                 0x080074e5   Thumb Code    12  inv_mpu_dmp_motion_driver.o(.text)
    dmp_set_interrupt_mode                   0x0800754f   Thumb Code    66  inv_mpu_dmp_motion_driver.o(.text)
    dmp_read_fifo                            0x08007591   Thumb Code   514  inv_mpu_dmp_motion_driver.o(.text)
    dmp_register_tap_cb                      0x08007793   Thumb Code    10  inv_mpu_dmp_motion_driver.o(.text)
    dmp_register_android_orient_cb           0x0800779d   Thumb Code    10  inv_mpu_dmp_motion_driver.o(.text)
    mpu_reg_dump                             0x08007837   Thumb Code    84  inv_mpu.o(.text)
    mpu_read_reg                             0x0800788b   Thumb Code    66  inv_mpu.o(.text)
    mpu_set_int_latched                      0x080078cd   Thumb Code   102  inv_mpu.o(.text)
    mpu_set_sensors                          0x08007933   Thumb Code   202  inv_mpu.o(.text)
    mpu_set_bypass                           0x080079fd   Thumb Code   328  inv_mpu.o(.text)
    mpu_reset_fifo                           0x08007b45   Thumb Code   472  inv_mpu.o(.text)
    mpu_configure_fifo                       0x08007d1d   Thumb Code   106  inv_mpu.o(.text)
    mpu_set_lpf                              0x08007d87   Thumb Code   126  inv_mpu.o(.text)
    mpu_lp_accel_mode                        0x08007e05   Thumb Code   218  inv_mpu.o(.text)
    mpu_set_sample_rate                      0x08007edf   Thumb Code   152  inv_mpu.o(.text)
    mpu_set_accel_fsr                        0x08007f77   Thumb Code   132  inv_mpu.o(.text)
    mpu_set_gyro_fsr                         0x08007ffb   Thumb Code   132  inv_mpu.o(.text)
    mpu_init                                 0x0800807f   Thumb Code   416  inv_mpu.o(.text)
    mget_ms                                  0x0800821f   Thumb Code     2  inv_mpu.o(.text)
    mpu_get_gyro_reg                         0x08008221   Thumb Code   110  inv_mpu.o(.text)
    mpu_get_accel_reg                        0x0800828f   Thumb Code   110  inv_mpu.o(.text)
    mpu_get_temperature                      0x080082fd   Thumb Code   150  inv_mpu.o(.text)
    mpu_set_accel_bias                       0x08008393   Thumb Code   468  inv_mpu.o(.text)
    mpu_get_gyro_fsr                         0x08008567   Thumb Code    64  inv_mpu.o(.text)
    mpu_get_accel_fsr                        0x080085a7   Thumb Code    72  inv_mpu.o(.text)
    mpu_get_lpf                              0x080085ef   Thumb Code    74  inv_mpu.o(.text)
    mpu_get_sample_rate                      0x08008639   Thumb Code    26  inv_mpu.o(.text)
    mpu_get_compass_sample_rate              0x08008653   Thumb Code    10  inv_mpu.o(.text)
    mpu_set_compass_sample_rate              0x0800865d   Thumb Code     8  inv_mpu.o(.text)
    mpu_get_gyro_sens                        0x08008665   Thumb Code    58  inv_mpu.o(.text)
    mpu_get_accel_sens                       0x0800869f   Thumb Code    78  inv_mpu.o(.text)
    mpu_get_fifo_config                      0x080086ed   Thumb Code    12  inv_mpu.o(.text)
    mpu_get_power_state                      0x080086f9   Thumb Code    22  inv_mpu.o(.text)
    mpu_get_int_status                       0x0800870f   Thumb Code    64  inv_mpu.o(.text)
    mpu_read_fifo                            0x0800874f   Thumb Code   520  inv_mpu.o(.text)
    mpu_read_fifo_stream                     0x08008957   Thumb Code   186  inv_mpu.o(.text)
    mpu_set_int_level                        0x08008a11   Thumb Code    12  inv_mpu.o(.text)
    mpu_set_dmp_state                        0x080090f1   Thumb Code   138  inv_mpu.o(.text)
    mpu_run_self_test                        0x0800917b   Thumb Code   278  inv_mpu.o(.text)
    mpu_write_mem                            0x08009291   Thumb Code   122  inv_mpu.o(.text)
    mpu_read_mem                             0x0800930b   Thumb Code   122  inv_mpu.o(.text)
    mpu_load_firmware                        0x08009385   Thumb Code   190  inv_mpu.o(.text)
    mpu_get_dmp_state                        0x08009443   Thumb Code    14  inv_mpu.o(.text)
    setup_compass                            0x08009451   Thumb Code     6  inv_mpu.o(.text)
    mpu_get_compass_reg                      0x08009457   Thumb Code     8  inv_mpu.o(.text)
    mpu_get_compass_fsr                      0x0800945f   Thumb Code     8  inv_mpu.o(.text)
    mpu_lp_motion_interrupt                  0x08009467   Thumb Code   512  inv_mpu.o(.text)
    run_self_test                            0x08009667   Thumb Code   148  inv_mpu.o(.text)
    inv_row_2_scale                          0x080096fb   Thumb Code    78  inv_mpu.o(.text)
    inv_orientation_matrix_to_scalar         0x08009749   Thumb Code    40  inv_mpu.o(.text)
    mpu_dmp_init                             0x08009771   Thumb Code   154  inv_mpu.o(.text)
    mpu_dmp_get_data                         0x0800980b   Thumb Code   554  inv_mpu.o(.text)
    delay_init                               0x08009a39   Thumb Code    50  delay.o(.text)
    delay_us                                 0x08009a6b   Thumb Code    72  delay.o(.text)
    delay_ms                                 0x08009ab3   Thumb Code    72  delay.o(.text)
    _sys_exit                                0x08009b0d   Thumb Code     6  usart.o(.text)
    fputc                                    0x08009b13   Thumb Code    24  usart.o(.text)
    uart_init                                0x08009b2b   Thumb Code   152  usart.o(.text)
    USART1_IRQHandler                        0x08009bc3   Thumb Code   122  usart.o(.text)
    Reset_Handler                            0x08009c4d   Thumb Code     8  startup_stm32f10x_hd.o(.text)
    ADC1_2_IRQHandler                        0x08009c67   Thumb Code     0  startup_stm32f10x_hd.o(.text)
    ADC3_IRQHandler                          0x08009c67   Thumb Code     0  startup_stm32f10x_hd.o(.text)
    CAN1_RX1_IRQHandler                      0x08009c67   Thumb Code     0  startup_stm32f10x_hd.o(.text)
    CAN1_SCE_IRQHandler                      0x08009c67   Thumb Code     0  startup_stm32f10x_hd.o(.text)
    DMA1_Channel1_IRQHandler                 0x08009c67   Thumb Code     0  startup_stm32f10x_hd.o(.text)
    DMA1_Channel2_IRQHandler                 0x08009c67   Thumb Code     0  startup_stm32f10x_hd.o(.text)
    DMA1_Channel3_IRQHandler                 0x08009c67   Thumb Code     0  startup_stm32f10x_hd.o(.text)
    DMA1_Channel4_IRQHandler                 0x08009c67   Thumb Code     0  startup_stm32f10x_hd.o(.text)
    DMA1_Channel5_IRQHandler                 0x08009c67   Thumb Code     0  startup_stm32f10x_hd.o(.text)
    DMA1_Channel6_IRQHandler                 0x08009c67   Thumb Code     0  startup_stm32f10x_hd.o(.text)
    DMA1_Channel7_IRQHandler                 0x08009c67   Thumb Code     0  startup_stm32f10x_hd.o(.text)
    DMA2_Channel1_IRQHandler                 0x08009c67   Thumb Code     0  startup_stm32f10x_hd.o(.text)
    DMA2_Channel2_IRQHandler                 0x08009c67   Thumb Code     0  startup_stm32f10x_hd.o(.text)
    DMA2_Channel3_IRQHandler                 0x08009c67   Thumb Code     0  startup_stm32f10x_hd.o(.text)
    DMA2_Channel4_5_IRQHandler               0x08009c67   Thumb Code     0  startup_stm32f10x_hd.o(.text)
    EXTI0_IRQHandler                         0x08009c67   Thumb Code     0  startup_stm32f10x_hd.o(.text)
    EXTI15_10_IRQHandler                     0x08009c67   Thumb Code     0  startup_stm32f10x_hd.o(.text)
    EXTI1_IRQHandler                         0x08009c67   Thumb Code     0  startup_stm32f10x_hd.o(.text)
    EXTI2_IRQHandler                         0x08009c67   Thumb Code     0  startup_stm32f10x_hd.o(.text)
    EXTI3_IRQHandler                         0x08009c67   Thumb Code     0  startup_stm32f10x_hd.o(.text)
    EXTI4_IRQHandler                         0x08009c67   Thumb Code     0  startup_stm32f10x_hd.o(.text)
    EXTI9_5_IRQHandler                       0x08009c67   Thumb Code     0  startup_stm32f10x_hd.o(.text)
    FLASH_IRQHandler                         0x08009c67   Thumb Code     0  startup_stm32f10x_hd.o(.text)
    FSMC_IRQHandler                          0x08009c67   Thumb Code     0  startup_stm32f10x_hd.o(.text)
    I2C1_ER_IRQHandler                       0x08009c67   Thumb Code     0  startup_stm32f10x_hd.o(.text)
    I2C1_EV_IRQHandler                       0x08009c67   Thumb Code     0  startup_stm32f10x_hd.o(.text)
    I2C2_ER_IRQHandler                       0x08009c67   Thumb Code     0  startup_stm32f10x_hd.o(.text)
    I2C2_EV_IRQHandler                       0x08009c67   Thumb Code     0  startup_stm32f10x_hd.o(.text)
    PVD_IRQHandler                           0x08009c67   Thumb Code     0  startup_stm32f10x_hd.o(.text)
    RCC_IRQHandler                           0x08009c67   Thumb Code     0  startup_stm32f10x_hd.o(.text)
    RTCAlarm_IRQHandler                      0x08009c67   Thumb Code     0  startup_stm32f10x_hd.o(.text)
    RTC_IRQHandler                           0x08009c67   Thumb Code     0  startup_stm32f10x_hd.o(.text)
    SDIO_IRQHandler                          0x08009c67   Thumb Code     0  startup_stm32f10x_hd.o(.text)
    SPI1_IRQHandler                          0x08009c67   Thumb Code     0  startup_stm32f10x_hd.o(.text)
    SPI2_IRQHandler                          0x08009c67   Thumb Code     0  startup_stm32f10x_hd.o(.text)
    SPI3_IRQHandler                          0x08009c67   Thumb Code     0  startup_stm32f10x_hd.o(.text)
    TAMPER_IRQHandler                        0x08009c67   Thumb Code     0  startup_stm32f10x_hd.o(.text)
    TIM1_BRK_IRQHandler                      0x08009c67   Thumb Code     0  startup_stm32f10x_hd.o(.text)
    TIM1_CC_IRQHandler                       0x08009c67   Thumb Code     0  startup_stm32f10x_hd.o(.text)
    TIM1_TRG_COM_IRQHandler                  0x08009c67   Thumb Code     0  startup_stm32f10x_hd.o(.text)
    TIM1_UP_IRQHandler                       0x08009c67   Thumb Code     0  startup_stm32f10x_hd.o(.text)
    TIM2_IRQHandler                          0x08009c67   Thumb Code     0  startup_stm32f10x_hd.o(.text)
    TIM3_IRQHandler                          0x08009c67   Thumb Code     0  startup_stm32f10x_hd.o(.text)
    TIM5_IRQHandler                          0x08009c67   Thumb Code     0  startup_stm32f10x_hd.o(.text)
    TIM6_IRQHandler                          0x08009c67   Thumb Code     0  startup_stm32f10x_hd.o(.text)
    TIM7_IRQHandler                          0x08009c67   Thumb Code     0  startup_stm32f10x_hd.o(.text)
    TIM8_BRK_IRQHandler                      0x08009c67   Thumb Code     0  startup_stm32f10x_hd.o(.text)
    TIM8_CC_IRQHandler                       0x08009c67   Thumb Code     0  startup_stm32f10x_hd.o(.text)
    TIM8_TRG_COM_IRQHandler                  0x08009c67   Thumb Code     0  startup_stm32f10x_hd.o(.text)
    TIM8_UP_IRQHandler                       0x08009c67   Thumb Code     0  startup_stm32f10x_hd.o(.text)
    UART4_IRQHandler                         0x08009c67   Thumb Code     0  startup_stm32f10x_hd.o(.text)
    UART5_IRQHandler                         0x08009c67   Thumb Code     0  startup_stm32f10x_hd.o(.text)
    USART2_IRQHandler                        0x08009c67   Thumb Code     0  startup_stm32f10x_hd.o(.text)
    USART3_IRQHandler                        0x08009c67   Thumb Code     0  startup_stm32f10x_hd.o(.text)
    USBWakeUp_IRQHandler                     0x08009c67   Thumb Code     0  startup_stm32f10x_hd.o(.text)
    USB_HP_CAN1_TX_IRQHandler                0x08009c67   Thumb Code     0  startup_stm32f10x_hd.o(.text)
    USB_LP_CAN1_RX0_IRQHandler               0x08009c67   Thumb Code     0  startup_stm32f10x_hd.o(.text)
    WWDG_IRQHandler                          0x08009c67   Thumb Code     0  startup_stm32f10x_hd.o(.text)
    __user_initial_stackheap                 0x08009c69   Thumb Code     0  startup_stm32f10x_hd.o(.text)
    GPIO_DeInit                              0x08009c8d   Thumb Code   172  stm32f10x_gpio.o(.text)
    GPIO_AFIODeInit                          0x08009d39   Thumb Code    20  stm32f10x_gpio.o(.text)
    GPIO_Init                                0x08009d4d   Thumb Code   278  stm32f10x_gpio.o(.text)
    GPIO_StructInit                          0x08009e63   Thumb Code    16  stm32f10x_gpio.o(.text)
    GPIO_ReadInputDataBit                    0x08009e73   Thumb Code    18  stm32f10x_gpio.o(.text)
    GPIO_ReadInputData                       0x08009e85   Thumb Code     8  stm32f10x_gpio.o(.text)
    GPIO_ReadOutputDataBit                   0x08009e8d   Thumb Code    18  stm32f10x_gpio.o(.text)
    GPIO_ReadOutputData                      0x08009e9f   Thumb Code     8  stm32f10x_gpio.o(.text)
    GPIO_SetBits                             0x08009ea7   Thumb Code     4  stm32f10x_gpio.o(.text)
    GPIO_ResetBits                           0x08009eab   Thumb Code     4  stm32f10x_gpio.o(.text)
    GPIO_WriteBit                            0x08009eaf   Thumb Code    10  stm32f10x_gpio.o(.text)
    GPIO_Write                               0x08009eb9   Thumb Code     4  stm32f10x_gpio.o(.text)
    GPIO_PinLockConfig                       0x08009ebd   Thumb Code    18  stm32f10x_gpio.o(.text)
    GPIO_EventOutputConfig                   0x08009ecf   Thumb Code    26  stm32f10x_gpio.o(.text)
    GPIO_EventOutputCmd                      0x08009ee9   Thumb Code     6  stm32f10x_gpio.o(.text)
    GPIO_PinRemapConfig                      0x08009eef   Thumb Code   138  stm32f10x_gpio.o(.text)
    GPIO_EXTILineConfig                      0x08009f79   Thumb Code    66  stm32f10x_gpio.o(.text)
    GPIO_ETH_MediaInterfaceConfig            0x08009fbb   Thumb Code     8  stm32f10x_gpio.o(.text)
    RCC_DeInit                               0x08009fe9   Thumb Code    64  stm32f10x_rcc.o(.text)
    RCC_HSEConfig                            0x0800a029   Thumb Code    70  stm32f10x_rcc.o(.text)
    RCC_GetFlagStatus                        0x0800a06f   Thumb Code    56  stm32f10x_rcc.o(.text)
    RCC_WaitForHSEStartUp                    0x0800a0a7   Thumb Code    56  stm32f10x_rcc.o(.text)
    RCC_AdjustHSICalibrationValue            0x0800a0df   Thumb Code    20  stm32f10x_rcc.o(.text)
    RCC_HSICmd                               0x0800a0f3   Thumb Code     6  stm32f10x_rcc.o(.text)
    RCC_PLLConfig                            0x0800a0f9   Thumb Code    24  stm32f10x_rcc.o(.text)
    RCC_PLLCmd                               0x0800a111   Thumb Code     6  stm32f10x_rcc.o(.text)
    RCC_SYSCLKConfig                         0x0800a117   Thumb Code    18  stm32f10x_rcc.o(.text)
    RCC_GetSYSCLKSource                      0x0800a129   Thumb Code    10  stm32f10x_rcc.o(.text)
    RCC_HCLKConfig                           0x0800a133   Thumb Code    18  stm32f10x_rcc.o(.text)
    RCC_PCLK1Config                          0x0800a145   Thumb Code    18  stm32f10x_rcc.o(.text)
    RCC_PCLK2Config                          0x0800a157   Thumb Code    20  stm32f10x_rcc.o(.text)
    RCC_ITConfig                             0x0800a16b   Thumb Code    26  stm32f10x_rcc.o(.text)
    RCC_USBCLKConfig                         0x0800a185   Thumb Code     8  stm32f10x_rcc.o(.text)
    RCC_ADCCLKConfig                         0x0800a18d   Thumb Code    18  stm32f10x_rcc.o(.text)
    RCC_LSEConfig                            0x0800a19f   Thumb Code    50  stm32f10x_rcc.o(.text)
    RCC_LSICmd                               0x0800a1d1   Thumb Code     6  stm32f10x_rcc.o(.text)
    RCC_RTCCLKConfig                         0x0800a1d7   Thumb Code    12  stm32f10x_rcc.o(.text)
    RCC_RTCCLKCmd                            0x0800a1e3   Thumb Code     8  stm32f10x_rcc.o(.text)
    RCC_GetClocksFreq                        0x0800a1eb   Thumb Code   192  stm32f10x_rcc.o(.text)
    RCC_AHBPeriphClockCmd                    0x0800a2ab   Thumb Code    26  stm32f10x_rcc.o(.text)
    RCC_APB2PeriphClockCmd                   0x0800a2c5   Thumb Code    26  stm32f10x_rcc.o(.text)
    RCC_APB1PeriphClockCmd                   0x0800a2df   Thumb Code    26  stm32f10x_rcc.o(.text)
    RCC_APB2PeriphResetCmd                   0x0800a2f9   Thumb Code    26  stm32f10x_rcc.o(.text)
    RCC_APB1PeriphResetCmd                   0x0800a313   Thumb Code    26  stm32f10x_rcc.o(.text)
    RCC_BackupResetCmd                       0x0800a32d   Thumb Code     8  stm32f10x_rcc.o(.text)
    RCC_ClockSecuritySystemCmd               0x0800a335   Thumb Code     6  stm32f10x_rcc.o(.text)
    RCC_MCOConfig                            0x0800a33b   Thumb Code     6  stm32f10x_rcc.o(.text)
    RCC_ClearFlag                            0x0800a341   Thumb Code    14  stm32f10x_rcc.o(.text)
    RCC_GetITStatus                          0x0800a34f   Thumb Code    20  stm32f10x_rcc.o(.text)
    RCC_ClearITPendingBit                    0x0800a363   Thumb Code     6  stm32f10x_rcc.o(.text)
    USART_DeInit                             0x0800a38d   Thumb Code   134  stm32f10x_usart.o(.text)
    USART_Init                               0x0800a413   Thumb Code   210  stm32f10x_usart.o(.text)
    USART_StructInit                         0x0800a4e5   Thumb Code    24  stm32f10x_usart.o(.text)
    USART_ClockInit                          0x0800a4fd   Thumb Code    34  stm32f10x_usart.o(.text)
    USART_ClockStructInit                    0x0800a51f   Thumb Code    12  stm32f10x_usart.o(.text)
    USART_Cmd                                0x0800a52b   Thumb Code    24  stm32f10x_usart.o(.text)
    USART_ITConfig                           0x0800a543   Thumb Code    74  stm32f10x_usart.o(.text)
    USART_DMACmd                             0x0800a58d   Thumb Code    18  stm32f10x_usart.o(.text)
    USART_SetAddress                         0x0800a59f   Thumb Code    18  stm32f10x_usart.o(.text)
    USART_WakeUpConfig                       0x0800a5b1   Thumb Code    18  stm32f10x_usart.o(.text)
    USART_ReceiverWakeUpCmd                  0x0800a5c3   Thumb Code    24  stm32f10x_usart.o(.text)
    USART_LINBreakDetectLengthConfig         0x0800a5db   Thumb Code    18  stm32f10x_usart.o(.text)
    USART_LINCmd                             0x0800a5ed   Thumb Code    24  stm32f10x_usart.o(.text)
    USART_SendData                           0x0800a605   Thumb Code     8  stm32f10x_usart.o(.text)
    USART_ReceiveData                        0x0800a60d   Thumb Code    10  stm32f10x_usart.o(.text)
    USART_SendBreak                          0x0800a617   Thumb Code    10  stm32f10x_usart.o(.text)
    USART_SetGuardTime                       0x0800a621   Thumb Code    16  stm32f10x_usart.o(.text)
    USART_SetPrescaler                       0x0800a631   Thumb Code    16  stm32f10x_usart.o(.text)
    USART_SmartCardCmd                       0x0800a641   Thumb Code    24  stm32f10x_usart.o(.text)
    USART_SmartCardNACKCmd                   0x0800a659   Thumb Code    24  stm32f10x_usart.o(.text)
    USART_HalfDuplexCmd                      0x0800a671   Thumb Code    24  stm32f10x_usart.o(.text)
    USART_OverSampling8Cmd                   0x0800a689   Thumb Code    22  stm32f10x_usart.o(.text)
    USART_OneBitMethodCmd                    0x0800a69f   Thumb Code    24  stm32f10x_usart.o(.text)
    USART_IrDAConfig                         0x0800a6b7   Thumb Code    18  stm32f10x_usart.o(.text)
    USART_IrDACmd                            0x0800a6c9   Thumb Code    24  stm32f10x_usart.o(.text)
    USART_GetFlagStatus                      0x0800a6e1   Thumb Code    26  stm32f10x_usart.o(.text)
    USART_ClearFlag                          0x0800a6fb   Thumb Code    18  stm32f10x_usart.o(.text)
    USART_GetITStatus                        0x0800a70d   Thumb Code    84  stm32f10x_usart.o(.text)
    USART_ClearITPendingBit                  0x0800a761   Thumb Code    52  stm32f10x_usart.o(.text)
    NVIC_PriorityGroupConfig                 0x0800a795   Thumb Code    10  misc.o(.text)
    NVIC_Init                                0x0800a79f   Thumb Code   100  misc.o(.text)
    NVIC_SetVectorTable                      0x0800a803   Thumb Code    14  misc.o(.text)
    NVIC_SystemLPConfig                      0x0800a811   Thumb Code    34  misc.o(.text)
    SysTick_CLKSourceConfig                  0x0800a833   Thumb Code    40  misc.o(.text)
    TIM_DeInit                               0x0800a871   Thumb Code   424  stm32f10x_tim.o(.text)
    TIM_TimeBaseInit                         0x0800aa19   Thumb Code   122  stm32f10x_tim.o(.text)
    TIM_OC1Init                              0x0800aa93   Thumb Code   132  stm32f10x_tim.o(.text)
    TIM_OC2Init                              0x0800ab17   Thumb Code   154  stm32f10x_tim.o(.text)
    TIM_OC3Init                              0x0800abb1   Thumb Code   150  stm32f10x_tim.o(.text)
    TIM_OC4Init                              0x0800ac47   Thumb Code   182  stm32f10x_tim.o(.text)
    TIM_SetIC4Prescaler                      0x0800acfd   Thumb Code    26  stm32f10x_tim.o(.text)
    TIM_SetIC3Prescaler                      0x0800ad99   Thumb Code    18  stm32f10x_tim.o(.text)
    TIM_SetIC2Prescaler                      0x0800ae25   Thumb Code    26  stm32f10x_tim.o(.text)
    TIM_SetIC1Prescaler                      0x0800aec1   Thumb Code    18  stm32f10x_tim.o(.text)
    TIM_ICInit                               0x0800af3f   Thumb Code   150  stm32f10x_tim.o(.text)
    TIM_PWMIConfig                           0x0800afd5   Thumb Code   124  stm32f10x_tim.o(.text)
    TIM_BDTRConfig                           0x0800b051   Thumb Code    32  stm32f10x_tim.o(.text)
    TIM_TimeBaseStructInit                   0x0800b071   Thumb Code    18  stm32f10x_tim.o(.text)
    TIM_OCStructInit                         0x0800b083   Thumb Code    20  stm32f10x_tim.o(.text)
    TIM_ICStructInit                         0x0800b097   Thumb Code    18  stm32f10x_tim.o(.text)
    TIM_BDTRStructInit                       0x0800b0a9   Thumb Code    40  stm32f10x_tim.o(.text)
    TIM_Cmd                                  0x0800b0d1   Thumb Code    24  stm32f10x_tim.o(.text)
    TIM_CtrlPWMOutputs                       0x0800b0e9   Thumb Code    30  stm32f10x_tim.o(.text)
    TIM_ITConfig                             0x0800b107   Thumb Code    18  stm32f10x_tim.o(.text)
    TIM_GenerateEvent                        0x0800b119   Thumb Code     4  stm32f10x_tim.o(.text)
    TIM_DMAConfig                            0x0800b11d   Thumb Code    10  stm32f10x_tim.o(.text)
    TIM_DMACmd                               0x0800b127   Thumb Code    18  stm32f10x_tim.o(.text)
    TIM_InternalClockConfig                  0x0800b139   Thumb Code    12  stm32f10x_tim.o(.text)
    TIM_SelectInputTrigger                   0x0800b145   Thumb Code    18  stm32f10x_tim.o(.text)
    TIM_ITRxExternalClockConfig              0x0800b157   Thumb Code    24  stm32f10x_tim.o(.text)
    TIM_TIxExternalClockConfig               0x0800b16f   Thumb Code    62  stm32f10x_tim.o(.text)
    TIM_ETRConfig                            0x0800b1ad   Thumb Code    28  stm32f10x_tim.o(.text)
    TIM_ETRClockMode1Config                  0x0800b1c9   Thumb Code    54  stm32f10x_tim.o(.text)
    TIM_ETRClockMode2Config                  0x0800b1ff   Thumb Code    32  stm32f10x_tim.o(.text)
    TIM_PrescalerConfig                      0x0800b21f   Thumb Code     6  stm32f10x_tim.o(.text)
    TIM_CounterModeConfig                    0x0800b225   Thumb Code    18  stm32f10x_tim.o(.text)
    TIM_EncoderInterfaceConfig               0x0800b237   Thumb Code    66  stm32f10x_tim.o(.text)
    TIM_ForcedOC1Config                      0x0800b279   Thumb Code    18  stm32f10x_tim.o(.text)
    TIM_ForcedOC2Config                      0x0800b28b   Thumb Code    26  stm32f10x_tim.o(.text)
    TIM_ForcedOC3Config                      0x0800b2a5   Thumb Code    18  stm32f10x_tim.o(.text)
    TIM_ForcedOC4Config                      0x0800b2b7   Thumb Code    26  stm32f10x_tim.o(.text)
    TIM_ARRPreloadConfig                     0x0800b2d1   Thumb Code    24  stm32f10x_tim.o(.text)
    TIM_SelectCOM                            0x0800b2e9   Thumb Code    24  stm32f10x_tim.o(.text)
    TIM_SelectCCDMA                          0x0800b301   Thumb Code    24  stm32f10x_tim.o(.text)
    TIM_CCPreloadControl                     0x0800b319   Thumb Code    24  stm32f10x_tim.o(.text)
    TIM_OC1PreloadConfig                     0x0800b331   Thumb Code    18  stm32f10x_tim.o(.text)
    TIM_OC2PreloadConfig                     0x0800b343   Thumb Code    26  stm32f10x_tim.o(.text)
    TIM_OC3PreloadConfig                     0x0800b35d   Thumb Code    18  stm32f10x_tim.o(.text)
    TIM_OC4PreloadConfig                     0x0800b36f   Thumb Code    26  stm32f10x_tim.o(.text)
    TIM_OC1FastConfig                        0x0800b389   Thumb Code    18  stm32f10x_tim.o(.text)
    TIM_OC2FastConfig                        0x0800b39b   Thumb Code    26  stm32f10x_tim.o(.text)
    TIM_OC3FastConfig                        0x0800b3b5   Thumb Code    18  stm32f10x_tim.o(.text)
    TIM_OC4FastConfig                        0x0800b3c7   Thumb Code    26  stm32f10x_tim.o(.text)
    TIM_ClearOC1Ref                          0x0800b3e1   Thumb Code    18  stm32f10x_tim.o(.text)
    TIM_ClearOC2Ref                          0x0800b3f3   Thumb Code    24  stm32f10x_tim.o(.text)
    TIM_ClearOC3Ref                          0x0800b40b   Thumb Code    18  stm32f10x_tim.o(.text)
    TIM_ClearOC4Ref                          0x0800b41d   Thumb Code    24  stm32f10x_tim.o(.text)
    TIM_OC1PolarityConfig                    0x0800b435   Thumb Code    18  stm32f10x_tim.o(.text)
    TIM_OC1NPolarityConfig                   0x0800b447   Thumb Code    18  stm32f10x_tim.o(.text)
    TIM_OC2PolarityConfig                    0x0800b459   Thumb Code    26  stm32f10x_tim.o(.text)
    TIM_OC2NPolarityConfig                   0x0800b473   Thumb Code    26  stm32f10x_tim.o(.text)
    TIM_OC3PolarityConfig                    0x0800b48d   Thumb Code    26  stm32f10x_tim.o(.text)
    TIM_OC3NPolarityConfig                   0x0800b4a7   Thumb Code    26  stm32f10x_tim.o(.text)
    TIM_OC4PolarityConfig                    0x0800b4c1   Thumb Code    26  stm32f10x_tim.o(.text)
    TIM_CCxCmd                               0x0800b4db   Thumb Code    30  stm32f10x_tim.o(.text)
    TIM_CCxNCmd                              0x0800b4f9   Thumb Code    30  stm32f10x_tim.o(.text)
    TIM_SelectOCxM                           0x0800b517   Thumb Code    82  stm32f10x_tim.o(.text)
    TIM_UpdateDisableConfig                  0x0800b569   Thumb Code    24  stm32f10x_tim.o(.text)
    TIM_UpdateRequestConfig                  0x0800b581   Thumb Code    24  stm32f10x_tim.o(.text)
    TIM_SelectHallSensor                     0x0800b599   Thumb Code    24  stm32f10x_tim.o(.text)
    TIM_SelectOnePulseMode                   0x0800b5b1   Thumb Code    18  stm32f10x_tim.o(.text)
    TIM_SelectOutputTrigger                  0x0800b5c3   Thumb Code    18  stm32f10x_tim.o(.text)
    TIM_SelectSlaveMode                      0x0800b5d5   Thumb Code    18  stm32f10x_tim.o(.text)
    TIM_SelectMasterSlaveMode                0x0800b5e7   Thumb Code    18  stm32f10x_tim.o(.text)
    TIM_SetCounter                           0x0800b5f9   Thumb Code     4  stm32f10x_tim.o(.text)
    TIM_SetAutoreload                        0x0800b5fd   Thumb Code     4  stm32f10x_tim.o(.text)
    TIM_SetCompare1                          0x0800b601   Thumb Code     4  stm32f10x_tim.o(.text)
    TIM_SetCompare2                          0x0800b605   Thumb Code     4  stm32f10x_tim.o(.text)
    TIM_SetCompare3                          0x0800b609   Thumb Code     4  stm32f10x_tim.o(.text)
    TIM_SetCompare4                          0x0800b60d   Thumb Code     6  stm32f10x_tim.o(.text)
    TIM_SetClockDivision                     0x0800b613   Thumb Code    18  stm32f10x_tim.o(.text)
    TIM_GetCapture1                          0x0800b625   Thumb Code     6  stm32f10x_tim.o(.text)
    TIM_GetCapture2                          0x0800b62b   Thumb Code     6  stm32f10x_tim.o(.text)
    TIM_GetCapture3                          0x0800b631   Thumb Code     6  stm32f10x_tim.o(.text)
    TIM_GetCapture4                          0x0800b637   Thumb Code     8  stm32f10x_tim.o(.text)
    TIM_GetCounter                           0x0800b63f   Thumb Code     6  stm32f10x_tim.o(.text)
    TIM_GetPrescaler                         0x0800b645   Thumb Code     6  stm32f10x_tim.o(.text)
    TIM_GetFlagStatus                        0x0800b64b   Thumb Code    18  stm32f10x_tim.o(.text)
    TIM_ClearFlag                            0x0800b65d   Thumb Code     6  stm32f10x_tim.o(.text)
    TIM_GetITStatus                          0x0800b663   Thumb Code    34  stm32f10x_tim.o(.text)
    TIM_ClearITPendingBit                    0x0800b685   Thumb Code     6  stm32f10x_tim.o(.text)
    usmart_sys_cmd_exe                       0x0800b68d   Thumb Code  1554  usmart.o(.text)
    usmart_reset_runtime                     0x0800bc9f   Thumb Code    38  usmart.o(.text)
    usmart_get_runtime                       0x0800bcc5   Thumb Code    56  usmart.o(.text)
    TIM4_IRQHandler                          0x0800bcfd   Thumb Code    50  usmart.o(.text)
    Timer4_Init                              0x0800bd2f   Thumb Code    94  usmart.o(.text)
    usmart_init                              0x0800bd8d   Thumb Code    36  usmart.o(.text)
    usmart_cmd_rec                           0x0800bdb1   Thumb Code   170  usmart.o(.text)
    usmart_exe                               0x0800be5b   Thumb Code   872  usmart.o(.text)
    usmart_scan                              0x0800c1c3   Thumb Code   120  usmart.o(.text)
    read_addr                                0x0800c23b   Thumb Code     6  usmart.o(.text)
    write_addr                               0x0800c241   Thumb Code     4  usmart.o(.text)
    usmart_strcmp                            0x0800c2cd   Thumb Code    34  usmart_str.o(.text)
    usmart_strcopy                           0x0800c2ef   Thumb Code    22  usmart_str.o(.text)
    usmart_strlen                            0x0800c305   Thumb Code    24  usmart_str.o(.text)
    usmart_pow                               0x0800c31d   Thumb Code    22  usmart_str.o(.text)
    usmart_str2num                           0x0800c333   Thumb Code   202  usmart_str.o(.text)
    usmart_get_cmdname                       0x0800c3fd   Thumb Code    54  usmart_str.o(.text)
    usmart_search_nextc                      0x0800c433   Thumb Code    22  usmart_str.o(.text)
    usmart_get_fname                         0x0800c449   Thumb Code   440  usmart_str.o(.text)
    usmart_get_aparm                         0x0800c601   Thumb Code   200  usmart_str.o(.text)
    usmart_get_parmpos                       0x0800c6c9   Thumb Code    26  usmart_str.o(.text)
    usmart_get_fparam                        0x0800c6e3   Thumb Code   262  usmart_str.o(.text)
    __use_no_semihosting                     0x0800c7f5   Thumb Code     2  use_no_semi_2.o(.text)
    __aeabi_ldivmod                          0x0800c7f7   Thumb Code     0  llsdiv.o(.text)
    _ll_sdiv                                 0x0800c7f7   Thumb Code    72  llsdiv.o(.text)
    __2printf                                0x0800c841   Thumb Code    20  noretval__2printf.o(.text)
    _printf_pre_padding                      0x0800c859   Thumb Code    44  _printf_pad.o(.text)
    _printf_post_padding                     0x0800c885   Thumb Code    34  _printf_pad.o(.text)
    _printf_str                              0x0800c8a7   Thumb Code    82  _printf_str.o(.text)
    _printf_int_dec                          0x0800c8f9   Thumb Code   104  _printf_dec.o(.text)
    _printf_int_hex                          0x0800c971   Thumb Code    84  _printf_hex_int.o(.text)
    _printf_longlong_hex                     0x0800c971   Thumb Code     0  _printf_hex_int.o(.text)
    __printf                                 0x0800c9c9   Thumb Code   388  __printf_flags_ss_wp.o(.text)
    memcmp                                   0x0800cb51   Thumb Code    88  memcmp.o(.text)
    __aeabi_memset                           0x0800cba9   Thumb Code    16  aeabi_memset.o(.text)
    __use_two_region_memory                  0x0800cbb9   Thumb Code     2  heapauxi.o(.text)
    __rt_heap_escrow$2region                 0x0800cbbb   Thumb Code     2  heapauxi.o(.text)
    __rt_heap_expand$2region                 0x0800cbbd   Thumb Code     2  heapauxi.o(.text)
    __I$use$semihosting                      0x0800cbbf   Thumb Code     0  use_no_semi.o(.text)
    __use_no_semihosting_swi                 0x0800cbbf   Thumb Code     2  use_no_semi.o(.text)
    __aeabi_uldivmod                         0x0800cbc1   Thumb Code     0  lludivv7m.o(.text)
    _ll_udiv                                 0x0800cbc1   Thumb Code   238  lludivv7m.o(.text)
    __read_errno                             0x0800ccaf   Thumb Code    10  _rserrno.o(.text)
    __set_errno                              0x0800ccb9   Thumb Code    12  _rserrno.o(.text)
    _printf_int_common                       0x0800ccc5   Thumb Code   178  _printf_intcommon.o(.text)
    __lib_sel_fp_printf                      0x0800cd77   Thumb Code     2  _printf_fp_dec.o(.text)
    _printf_fp_dec_real                      0x0800cf25   Thumb Code   620  _printf_fp_dec.o(.text)
    _printf_cs_common                        0x0800d191   Thumb Code    20  _printf_char.o(.text)
    _printf_char                             0x0800d1a5   Thumb Code    16  _printf_char.o(.text)
    _printf_string                           0x0800d1b5   Thumb Code     8  _printf_char.o(.text)
    _printf_char_file                        0x0800d1bd   Thumb Code    32  _printf_char_file.o(.text)
    __aeabi_memclr                           0x0800d1e1   Thumb Code     0  rt_memclr.o(.text)
    __rt_memclr                              0x0800d1e1   Thumb Code    68  rt_memclr.o(.text)
    _memset                                  0x0800d1e5   Thumb Code     0  rt_memclr.o(.text)
    __rt_locale                              0x0800d225   Thumb Code     8  rt_locale_intlibspace.o(.text)
    __aeabi_errno_addr                       0x0800d22d   Thumb Code     8  rt_errno_addr_intlibspace.o(.text)
    __errno$intlibspace                      0x0800d22d   Thumb Code     0  rt_errno_addr_intlibspace.o(.text)
    __rt_errno_addr$intlibspace              0x0800d22d   Thumb Code     0  rt_errno_addr_intlibspace.o(.text)
    _ll_udiv10                               0x0800d235   Thumb Code   138  lludiv10.o(.text)
    _printf_char_common                      0x0800d2cb   Thumb Code    32  _printf_char_common.o(.text)
    _printf_fp_infnan                        0x0800d2f1   Thumb Code   112  _printf_fp_infnan.o(.text)
    _btod_etento                             0x0800d371   Thumb Code   216  bigflt0.o(.text)
    ferror                                   0x0800d44d   Thumb Code     8  ferror.o(.text)
    __aeabi_memclr4                          0x0800d455   Thumb Code     0  rt_memclr_w.o(.text)
    __aeabi_memclr8                          0x0800d455   Thumb Code     0  rt_memclr_w.o(.text)
    __rt_memclr_w                            0x0800d455   Thumb Code    78  rt_memclr_w.o(.text)
    _memset_w                                0x0800d459   Thumb Code     0  rt_memclr_w.o(.text)
    __user_libspace                          0x0800d4a5   Thumb Code     8  libspace.o(.text)
    __user_perproc_libspace                  0x0800d4a5   Thumb Code     0  libspace.o(.text)
    __user_perthread_libspace                0x0800d4a5   Thumb Code     0  libspace.o(.text)
    __user_setup_stackheap                   0x0800d4ad   Thumb Code    74  sys_stackheap_outer.o(.text)
    exit                                     0x0800d4f7   Thumb Code    12  exit.o(.text)
    strcmp                                   0x0800d505   Thumb Code   128  strcmpv7m.o(.text)
    _btod_d2e                                0x0800d585   Thumb Code    62  btod.o(CL$$btod_d2e)
    _d2e_denorm_low                          0x0800d5c3   Thumb Code    70  btod.o(CL$$btod_d2e_denorm_low)
    _d2e_norm_op1                            0x0800d609   Thumb Code    96  btod.o(CL$$btod_d2e_norm_op1)
    __btod_div_common                        0x0800d669   Thumb Code   696  btod.o(CL$$btod_div_common)
    _e2e                                     0x0800d9a1   Thumb Code   198  btod.o(CL$$btod_e2e)
    _btod_ediv                               0x0800da67   Thumb Code    40  btod.o(CL$$btod_ediv)
    _btod_emul                               0x0800da8f   Thumb Code    40  btod.o(CL$$btod_emul)
    __btod_mult_common                       0x0800dab7   Thumb Code   580  btod.o(CL$$btod_mult_common)
    __ARM_fpclassify                         0x0800dcfb   Thumb Code    40  fpclassify.o(i.__ARM_fpclassify)
    __kernel_poly                            0x0800dd23   Thumb Code   170  poly.o(i.__kernel_poly)
    __mathlib_dbl_infnan                     0x0800ddcd   Thumb Code     6  dunder.o(i.__mathlib_dbl_infnan)
    __mathlib_dbl_infnan2                    0x0800ddd3   Thumb Code     4  dunder.o(i.__mathlib_dbl_infnan2)
    __mathlib_dbl_invalid                    0x0800ddd7   Thumb Code    12  dunder.o(i.__mathlib_dbl_invalid)
    __mathlib_dbl_underflow                  0x0800dde5   Thumb Code    10  dunder.o(i.__mathlib_dbl_underflow)
    _is_digit                                0x0800ddf5   Thumb Code    14  __printf_wp.o(i._is_digit)
    asin                                     0x0800de05   Thumb Code   572  asin.o(i.asin)
    atan                                     0x0800e075   Thumb Code   474  atan.o(i.atan)
    atan2                                    0x0800e295   Thumb Code   346  atan2.o(i.atan2)
    sqrt                                     0x0800e415   Thumb Code    76  sqrt.o(i.sqrt)
    _get_lc_numeric                          0x0800e461   Thumb Code    44  lc_numeric_c.o(locale$$code)
    __aeabi_d2f                              0x0800e48d   Thumb Code     0  d2f.o(x$fpl$d2f)
    _d2f                                     0x0800e48d   Thumb Code    98  d2f.o(x$fpl$d2f)
    __aeabi_dadd                             0x0800e4f1   Thumb Code     0  daddsub_clz.o(x$fpl$dadd)
    _dadd                                    0x0800e4f1   Thumb Code   332  daddsub_clz.o(x$fpl$dadd)
    __fpl_dcheck_NaN1                        0x0800e641   Thumb Code    10  dcheck1.o(x$fpl$dcheck1)
    __aeabi_ddiv                             0x0800e651   Thumb Code     0  ddiv.o(x$fpl$ddiv)
    _ddiv                                    0x0800e651   Thumb Code   552  ddiv.o(x$fpl$ddiv)
    __aeabi_d2uiz                            0x0800e901   Thumb Code     0  dfixu.o(x$fpl$dfixu)
    _dfixu                                   0x0800e901   Thumb Code    90  dfixu.o(x$fpl$dfixu)
    __aeabi_i2d                              0x0800e95b   Thumb Code     0  dflt_clz.o(x$fpl$dflt)
    _dflt                                    0x0800e95b   Thumb Code    46  dflt_clz.o(x$fpl$dflt)
    __aeabi_ui2d                             0x0800e989   Thumb Code     0  dflt_clz.o(x$fpl$dfltu)
    _dfltu                                   0x0800e989   Thumb Code    38  dflt_clz.o(x$fpl$dfltu)
    __aeabi_dmul                             0x0800e9b1   Thumb Code     0  dmul.o(x$fpl$dmul)
    _dmul                                    0x0800e9b1   Thumb Code   332  dmul.o(x$fpl$dmul)
    __fpl_dnaninf                            0x0800eb05   Thumb Code   156  dnaninf.o(x$fpl$dnaninf)
    __fpl_dretinf                            0x0800eba1   Thumb Code    12  dretinf.o(x$fpl$dretinf)
    __aeabi_drsub                            0x0800ebad   Thumb Code     0  daddsub_clz.o(x$fpl$drsb)
    _drsb                                    0x0800ebad   Thumb Code    22  daddsub_clz.o(x$fpl$drsb)
    _dsqrt                                   0x0800ebc5   Thumb Code   456  dsqrt_noumaal.o(x$fpl$dsqrt)
    __aeabi_dsub                             0x0800ed91   Thumb Code     0  daddsub_clz.o(x$fpl$dsub)
    _dsub                                    0x0800ed91   Thumb Code   464  daddsub_clz.o(x$fpl$dsub)
    __aeabi_f2d                              0x0800ef65   Thumb Code     0  f2d.o(x$fpl$f2d)
    _f2d                                     0x0800ef65   Thumb Code    86  f2d.o(x$fpl$f2d)
    __aeabi_fadd                             0x0800efbd   Thumb Code     0  faddsub_clz.o(x$fpl$fadd)
    _fadd                                    0x0800efbd   Thumb Code   196  faddsub_clz.o(x$fpl$fadd)
    __fpl_fcmp_Inf                           0x0800f081   Thumb Code    24  fcmpi.o(x$fpl$fcmpinf)
    __aeabi_fdiv                             0x0800f099   Thumb Code     0  fdiv.o(x$fpl$fdiv)
    _fdiv                                    0x0800f099   Thumb Code   384  fdiv.o(x$fpl$fdiv)
    __aeabi_cfcmpeq                          0x0800f21d   Thumb Code     0  feqf.o(x$fpl$feqf)
    _fcmpeq                                  0x0800f21d   Thumb Code   104  feqf.o(x$fpl$feqf)
    __aeabi_f2iz                             0x0800f285   Thumb Code     0  ffix.o(x$fpl$ffix)
    _ffix                                    0x0800f285   Thumb Code    54  ffix.o(x$fpl$ffix)
    __aeabi_f2uiz                            0x0800f2bd   Thumb Code     0  ffixu.o(x$fpl$ffixu)
    _ffixu                                   0x0800f2bd   Thumb Code    62  ffixu.o(x$fpl$ffixu)
    __aeabi_i2f                              0x0800f2fd   Thumb Code     0  fflt_clz.o(x$fpl$fflt)
    _fflt                                    0x0800f2fd   Thumb Code    48  fflt_clz.o(x$fpl$fflt)
    __aeabi_ui2f                             0x0800f32d   Thumb Code     0  fflt_clz.o(x$fpl$ffltu)
    _ffltu                                   0x0800f32d   Thumb Code    38  fflt_clz.o(x$fpl$ffltu)
    __aeabi_cfcmple                          0x0800f355   Thumb Code     0  fleqf.o(x$fpl$fleqf)
    _fcmple                                  0x0800f355   Thumb Code   104  fleqf.o(x$fpl$fleqf)
    __fpl_fcmple_InfNaN                      0x0800f3a7   Thumb Code     0  fleqf.o(x$fpl$fleqf)
    __aeabi_fmul                             0x0800f3bd   Thumb Code     0  fmul.o(x$fpl$fmul)
    _fmul                                    0x0800f3bd   Thumb Code   258  fmul.o(x$fpl$fmul)
    __fpl_fnaninf                            0x0800f4bf   Thumb Code   140  fnaninf.o(x$fpl$fnaninf)
    __fpl_fretinf                            0x0800f54b   Thumb Code    10  fretinf.o(x$fpl$fretinf)
    __aeabi_cfrcmple                         0x0800f555   Thumb Code     0  frleqf.o(x$fpl$frleqf)
    _frcmple                                 0x0800f555   Thumb Code    98  frleqf.o(x$fpl$frleqf)
    __aeabi_fsub                             0x0800f5b9   Thumb Code     0  faddsub_clz.o(x$fpl$fsub)
    _fsub                                    0x0800f5b9   Thumb Code   234  faddsub_clz.o(x$fpl$fsub)
    _printf_fp_dec                           0x0800f6a3   Thumb Code     4  printf1.o(x$fpl$printf1)
    __fpl_return_NaN                         0x0800f6a7   Thumb Code   100  retnan.o(x$fpl$retnan)
    __ARM_scalbn                             0x0800f70b   Thumb Code    92  scalbn.o(x$fpl$scalbn)
    __fpl_cmpreturn                          0x0800f767   Thumb Code    48  trapv.o(x$fpl$trapveneer)
    __I$use$fp                               0x0800f796   Number         0  usenofp.o(x$fpl$usenofp)
    asc2_1206                                0x0800f796   Data        1140  lcd.o(.constdata)
    asc2_1608                                0x0800fc0a   Data        1520  lcd.o(.constdata)
    asc2_2412                                0x080101fa   Data        3420  lcd.o(.constdata)
    reg                                      0x08011b4c   Data          27  inv_mpu.o(.constdata)
    hw                                       0x08011b68   Data          12  inv_mpu.o(.constdata)
    test                                     0x08011b74   Data          40  inv_mpu.o(.constdata)
    __mathlib_zero                           0x08011cc0   Data           8  qnan.o(.constdata)
    Region$$Table$$Base                      0x08011e70   Number         0  anon$$obj.o(Region$$Table)
    Region$$Table$$Limit                     0x08011e90   Number         0  anon$$obj.o(Region$$Table)
    SystemCoreClock                          0x20000000   Data           4  system_stm32f10x.o(.data)
    AHBPrescTable                            0x20000004   Data          16  system_stm32f10x.o(.data)
    POINT_COLOR                              0x20000016   Data           2  lcd.o(.data)
    BACK_COLOR                               0x20000018   Data           2  lcd.o(.data)
    __stdout                                 0x20000058   Data           4  usart.o(.data)
    USART_RX_STA                             0x2000005c   Data           2  usart.o(.data)
    sys_cmd_tab                              0x20000074   Data          28  usmart.o(.data)
    usmart_nametab                           0x20000090   Data          40  usmart_config.o(.data)
    usmart_dev                               0x200000b8   Data         244  usmart_config.o(.data)
    lcddev                                   0x200001ac   Data          14  lcd.o(.bss)
    USART_RX_BUF                             0x200001cc   Data         200  usart.o(.bss)
    __libspace_start                         0x20000294   Data          96  libspace.o(.bss)
    __temporary_stack_top$libspace           0x200002f4   Data           0  libspace.o(.bss)



==============================================================================

Memory Map of the image

  Image Entry point : 0x08000131

  Load Region LR_IROM1 (Base: 0x08000000, Size: 0x00012058, Max: 0x00040000, ABSOLUTE, COMPRESSED[0x00011f2c])

    Execution Region ER_IROM1 (Base: 0x08000000, Size: 0x00011eac, Max: 0x00040000, ABSOLUTE)

    Base Addr    Size         Type   Attr      Idx    E Section Name        Object

    0x08000000   0x00000130   Data   RO          400    RESET               startup_stm32f10x_hd.o
    0x08000130   0x00000008   Code   RO          580  * !!!main             c_w.l(__main.o)
    0x08000138   0x00000034   Code   RO          957    !!!scatter          c_w.l(__scatter.o)
    0x0800016c   0x0000005a   Code   RO          955    !!dczerorl2         c_w.l(__dczerorl2.o)
    0x080001c6   0x00000002   PAD
    0x080001c8   0x0000001c   Code   RO          959    !!handler_zi        c_w.l(__scatter_zi.o)
    0x080001e4   0x00000000   Code   RO          573    .ARM.Collect$$_printf_percent$$00000000  c_w.l(_printf_percent.o)
    0x080001e4   0x00000006   Code   RO          572    .ARM.Collect$$_printf_percent$$00000003  c_w.l(_printf_f.o)
    0x080001ea   0x00000006   Code   RO          570    .ARM.Collect$$_printf_percent$$00000009  c_w.l(_printf_d.o)
    0x080001f0   0x00000006   Code   RO          571    .ARM.Collect$$_printf_percent$$0000000A  c_w.l(_printf_u.o)
    0x080001f6   0x00000006   Code   RO          569    .ARM.Collect$$_printf_percent$$0000000C  c_w.l(_printf_x.o)
    0x080001fc   0x00000006   Code   RO          567    .ARM.Collect$$_printf_percent$$00000013  c_w.l(_printf_c.o)
    0x08000202   0x00000006   Code   RO          568    .ARM.Collect$$_printf_percent$$00000014  c_w.l(_printf_s.o)
    0x08000208   0x00000004   Code   RO          675    .ARM.Collect$$_printf_percent$$00000017  c_w.l(_printf_percent_end.o)
    0x0800020c   0x00000002   Code   RO          823    .ARM.Collect$$libinit$$00000000  c_w.l(libinit.o)
    0x0800020e   0x00000000   Code   RO          825    .ARM.Collect$$libinit$$00000002  c_w.l(libinit2.o)
    0x0800020e   0x00000000   Code   RO          827    .ARM.Collect$$libinit$$00000004  c_w.l(libinit2.o)
    0x0800020e   0x00000000   Code   RO          830    .ARM.Collect$$libinit$$0000000A  c_w.l(libinit2.o)
    0x0800020e   0x00000000   Code   RO          832    .ARM.Collect$$libinit$$0000000C  c_w.l(libinit2.o)
    0x0800020e   0x00000000   Code   RO          834    .ARM.Collect$$libinit$$0000000E  c_w.l(libinit2.o)
    0x0800020e   0x00000006   Code   RO          835    .ARM.Collect$$libinit$$0000000F  c_w.l(libinit2.o)
    0x08000214   0x00000000   Code   RO          837    .ARM.Collect$$libinit$$00000011  c_w.l(libinit2.o)
    0x08000214   0x00000000   Code   RO          839    .ARM.Collect$$libinit$$00000013  c_w.l(libinit2.o)
    0x08000214   0x00000000   Code   RO          841    .ARM.Collect$$libinit$$00000015  c_w.l(libinit2.o)
    0x08000214   0x0000000a   Code   RO          842    .ARM.Collect$$libinit$$00000016  c_w.l(libinit2.o)
    0x0800021e   0x00000000   Code   RO          843    .ARM.Collect$$libinit$$00000017  c_w.l(libinit2.o)
    0x0800021e   0x00000000   Code   RO          845    .ARM.Collect$$libinit$$00000019  c_w.l(libinit2.o)
    0x0800021e   0x00000000   Code   RO          847    .ARM.Collect$$libinit$$0000001B  c_w.l(libinit2.o)
    0x0800021e   0x00000000   Code   RO          849    .ARM.Collect$$libinit$$0000001D  c_w.l(libinit2.o)
    0x0800021e   0x00000000   Code   RO          851    .ARM.Collect$$libinit$$0000001F  c_w.l(libinit2.o)
    0x0800021e   0x00000000   Code   RO          853    .ARM.Collect$$libinit$$00000021  c_w.l(libinit2.o)
    0x0800021e   0x00000000   Code   RO          855    .ARM.Collect$$libinit$$00000023  c_w.l(libinit2.o)
    0x0800021e   0x00000000   Code   RO          857    .ARM.Collect$$libinit$$00000025  c_w.l(libinit2.o)
    0x0800021e   0x00000000   Code   RO          861    .ARM.Collect$$libinit$$0000002C  c_w.l(libinit2.o)
    0x0800021e   0x00000000   Code   RO          863    .ARM.Collect$$libinit$$0000002E  c_w.l(libinit2.o)
    0x0800021e   0x00000000   Code   RO          865    .ARM.Collect$$libinit$$00000030  c_w.l(libinit2.o)
    0x0800021e   0x00000000   Code   RO          867    .ARM.Collect$$libinit$$00000032  c_w.l(libinit2.o)
    0x0800021e   0x00000002   Code   RO          868    .ARM.Collect$$libinit$$00000033  c_w.l(libinit2.o)
    0x08000220   0x00000002   Code   RO          916    .ARM.Collect$$libshutdown$$00000000  c_w.l(libshutdown.o)
    0x08000222   0x00000000   Code   RO          926    .ARM.Collect$$libshutdown$$00000003  c_w.l(libshutdown2.o)
    0x08000222   0x00000000   Code   RO          929    .ARM.Collect$$libshutdown$$00000006  c_w.l(libshutdown2.o)
    0x08000222   0x00000000   Code   RO          932    .ARM.Collect$$libshutdown$$00000009  c_w.l(libshutdown2.o)
    0x08000222   0x00000000   Code   RO          934    .ARM.Collect$$libshutdown$$0000000B  c_w.l(libshutdown2.o)
    0x08000222   0x00000000   Code   RO          937    .ARM.Collect$$libshutdown$$0000000E  c_w.l(libshutdown2.o)
    0x08000222   0x00000002   Code   RO          938    .ARM.Collect$$libshutdown$$0000000F  c_w.l(libshutdown2.o)
    0x08000224   0x00000000   Code   RO          662    .ARM.Collect$$rtentry$$00000000  c_w.l(__rtentry.o)
    0x08000224   0x00000000   Code   RO          729    .ARM.Collect$$rtentry$$00000002  c_w.l(__rtentry2.o)
    0x08000224   0x00000006   Code   RO          741    .ARM.Collect$$rtentry$$00000004  c_w.l(__rtentry4.o)
    0x0800022a   0x00000000   Code   RO          731    .ARM.Collect$$rtentry$$00000009  c_w.l(__rtentry2.o)
    0x0800022a   0x00000004   Code   RO          732    .ARM.Collect$$rtentry$$0000000A  c_w.l(__rtentry2.o)
    0x0800022e   0x00000000   Code   RO          734    .ARM.Collect$$rtentry$$0000000C  c_w.l(__rtentry2.o)
    0x0800022e   0x00000008   Code   RO          735    .ARM.Collect$$rtentry$$0000000D  c_w.l(__rtentry2.o)
    0x08000236   0x00000002   Code   RO          873    .ARM.Collect$$rtexit$$00000000  c_w.l(rtexit.o)
    0x08000238   0x00000000   Code   RO          886    .ARM.Collect$$rtexit$$00000002  c_w.l(rtexit2.o)
    0x08000238   0x00000004   Code   RO          887    .ARM.Collect$$rtexit$$00000003  c_w.l(rtexit2.o)
    0x0800023c   0x00000006   Code   RO          888    .ARM.Collect$$rtexit$$00000004  c_w.l(rtexit2.o)
    0x08000242   0x00000002   PAD
    0x08000244   0x000006cc   Code   RO            1    .text               main.o
    0x08000910   0x0000001a   Code   RO          144    .text               stm32f10x_it.o
    0x0800092a   0x00000002   PAD
    0x0800092c   0x000001e0   Code   RO          185    .text               system_stm32f10x.o
    0x08000b0c   0x00000050   Code   RO          203    .text               led.o
    0x08000b5c   0x000000fc   Code   RO          215    .text               key.o
    0x08000c58   0x0000582a   Code   RO          228    .text               lcd.o
    0x08006482   0x00000002   PAD
    0x08006484   0x00000250   Code   RO          258    .text               mpuiic.o
    0x080066d4   0x00000368   Code   RO          270    .text               mpu6050.o
    0x08006a3c   0x00000d70   Code   RO          282    .text               inv_mpu_dmp_motion_driver.o
    0x080077ac   0x0000228c   Code   RO          310    .text               inv_mpu.o
    0x08009a38   0x000000d4   Code   RO          334    .text               delay.o
    0x08009b0c   0x00000140   Code   RO          365    .text               usart.o
    0x08009c4c   0x00000040   Code   RO          401    .text               startup_stm32f10x_hd.o
    0x08009c8c   0x0000035c   Code   RO          405    .text               stm32f10x_gpio.o
    0x08009fe8   0x000003a4   Code   RO          417    .text               stm32f10x_rcc.o
    0x0800a38c   0x00000408   Code   RO          431    .text               stm32f10x_usart.o
    0x0800a794   0x000000dc   Code   RO          443    .text               misc.o
    0x0800a870   0x00000e1a   Code   RO          455    .text               stm32f10x_tim.o
    0x0800b68a   0x00000002   PAD
    0x0800b68c   0x00000c40   Code   RO          467    .text               usmart.o
    0x0800c2cc   0x00000528   Code   RO          496    .text               usmart_str.o
    0x0800c7f4   0x00000002   Code   RO          510    .text               c_w.l(use_no_semi_2.o)
    0x0800c7f6   0x00000048   Code   RO          512    .text               c_w.l(llsdiv.o)
    0x0800c83e   0x00000002   PAD
    0x0800c840   0x00000018   Code   RO          516    .text               c_w.l(noretval__2printf.o)
    0x0800c858   0x0000004e   Code   RO          520    .text               c_w.l(_printf_pad.o)
    0x0800c8a6   0x00000052   Code   RO          522    .text               c_w.l(_printf_str.o)
    0x0800c8f8   0x00000078   Code   RO          524    .text               c_w.l(_printf_dec.o)
    0x0800c970   0x00000058   Code   RO          529    .text               c_w.l(_printf_hex_int.o)
    0x0800c9c8   0x00000188   Code   RO          564    .text               c_w.l(__printf_flags_ss_wp.o)
    0x0800cb50   0x00000058   Code   RO          574    .text               c_w.l(memcmp.o)
    0x0800cba8   0x00000010   Code   RO          576    .text               c_w.l(aeabi_memset.o)
    0x0800cbb8   0x00000006   Code   RO          578    .text               c_w.l(heapauxi.o)
    0x0800cbbe   0x00000002   Code   RO          660    .text               c_w.l(use_no_semi.o)
    0x0800cbc0   0x000000ee   Code   RO          663    .text               c_w.l(lludivv7m.o)
    0x0800ccae   0x00000016   Code   RO          665    .text               c_w.l(_rserrno.o)
    0x0800ccc4   0x000000b2   Code   RO          667    .text               c_w.l(_printf_intcommon.o)
    0x0800cd76   0x0000041a   Code   RO          669    .text               c_w.l(_printf_fp_dec.o)
    0x0800d190   0x0000002c   Code   RO          671    .text               c_w.l(_printf_char.o)
    0x0800d1bc   0x00000024   Code   RO          673    .text               c_w.l(_printf_char_file.o)
    0x0800d1e0   0x00000044   Code   RO          676    .text               c_w.l(rt_memclr.o)
    0x0800d224   0x00000008   Code   RO          750    .text               c_w.l(rt_locale_intlibspace.o)
    0x0800d22c   0x00000008   Code   RO          755    .text               c_w.l(rt_errno_addr_intlibspace.o)
    0x0800d234   0x0000008a   Code   RO          757    .text               c_w.l(lludiv10.o)
    0x0800d2be   0x00000002   PAD
    0x0800d2c0   0x00000030   Code   RO          759    .text               c_w.l(_printf_char_common.o)
    0x0800d2f0   0x00000080   Code   RO          761    .text               c_w.l(_printf_fp_infnan.o)
    0x0800d370   0x000000dc   Code   RO          763    .text               c_w.l(bigflt0.o)
    0x0800d44c   0x00000008   Code   RO          788    .text               c_w.l(ferror.o)
    0x0800d454   0x0000004e   Code   RO          795    .text               c_w.l(rt_memclr_w.o)
    0x0800d4a2   0x00000002   PAD
    0x0800d4a4   0x00000008   Code   RO          805    .text               c_w.l(libspace.o)
    0x0800d4ac   0x0000004a   Code   RO          808    .text               c_w.l(sys_stackheap_outer.o)
    0x0800d4f6   0x0000000c   Code   RO          814    .text               c_w.l(exit.o)
    0x0800d502   0x00000002   PAD
    0x0800d504   0x00000080   Code   RO          816    .text               c_w.l(strcmpv7m.o)
    0x0800d584   0x0000003e   Code   RO          766    CL$$btod_d2e        c_w.l(btod.o)
    0x0800d5c2   0x00000046   Code   RO          768    CL$$btod_d2e_denorm_low  c_w.l(btod.o)
    0x0800d608   0x00000060   Code   RO          767    CL$$btod_d2e_norm_op1  c_w.l(btod.o)
    0x0800d668   0x00000338   Code   RO          776    CL$$btod_div_common  c_w.l(btod.o)
    0x0800d9a0   0x000000c6   Code   RO          773    CL$$btod_e2e        c_w.l(btod.o)
    0x0800da66   0x00000028   Code   RO          770    CL$$btod_ediv       c_w.l(btod.o)
    0x0800da8e   0x00000028   Code   RO          769    CL$$btod_emul       c_w.l(btod.o)
    0x0800dab6   0x00000244   Code   RO          775    CL$$btod_mult_common  c_w.l(btod.o)
    0x0800dcfa   0x00000028   Code   RO          715    i.__ARM_fpclassify  m_ws.l(fpclassify.o)
    0x0800dd22   0x000000aa   Code   RO          717    i.__kernel_poly     m_ws.l(poly.o)
    0x0800ddcc   0x00000006   Code   RO          702    i.__mathlib_dbl_infnan  m_ws.l(dunder.o)
    0x0800ddd2   0x00000004   Code   RO          703    i.__mathlib_dbl_infnan2  m_ws.l(dunder.o)
    0x0800ddd6   0x0000000c   Code   RO          704    i.__mathlib_dbl_invalid  m_ws.l(dunder.o)
    0x0800dde2   0x00000002   PAD
    0x0800dde4   0x00000010   Code   RO          707    i.__mathlib_dbl_underflow  m_ws.l(dunder.o)
    0x0800ddf4   0x0000000e   Code   RO          557    i._is_digit         c_w.l(__printf_wp.o)
    0x0800de02   0x00000002   PAD
    0x0800de04   0x00000270   Code   RO          643    i.asin              m_ws.l(asin.o)
    0x0800e074   0x00000220   Code   RO          692    i.atan              m_ws.l(atan.o)
    0x0800e294   0x00000180   Code   RO          653    i.atan2             m_ws.l(atan2.o)
    0x0800e414   0x0000004c   Code   RO          721    i.sqrt              m_ws.l(sqrt.o)
    0x0800e460   0x0000002c   Code   RO          793    locale$$code        c_w.l(lc_numeric_c.o)
    0x0800e48c   0x00000062   Code   RO          582    x$fpl$d2f           fz_ws.l(d2f.o)
    0x0800e4ee   0x00000002   PAD
    0x0800e4f0   0x00000150   Code   RO          584    x$fpl$dadd          fz_ws.l(daddsub_clz.o)
    0x0800e640   0x00000010   Code   RO          797    x$fpl$dcheck1       fz_ws.l(dcheck1.o)
    0x0800e650   0x000002b0   Code   RO          591    x$fpl$ddiv          fz_ws.l(ddiv.o)
    0x0800e900   0x0000005a   Code   RO          594    x$fpl$dfixu         fz_ws.l(dfixu.o)
    0x0800e95a   0x0000002e   Code   RO          599    x$fpl$dflt          fz_ws.l(dflt_clz.o)
    0x0800e988   0x00000026   Code   RO          598    x$fpl$dfltu         fz_ws.l(dflt_clz.o)
    0x0800e9ae   0x00000002   PAD
    0x0800e9b0   0x00000154   Code   RO          604    x$fpl$dmul          fz_ws.l(dmul.o)
    0x0800eb04   0x0000009c   Code   RO          678    x$fpl$dnaninf       fz_ws.l(dnaninf.o)
    0x0800eba0   0x0000000c   Code   RO          680    x$fpl$dretinf       fz_ws.l(dretinf.o)
    0x0800ebac   0x00000016   Code   RO          585    x$fpl$drsb          fz_ws.l(daddsub_clz.o)
    0x0800ebc2   0x00000002   PAD
    0x0800ebc4   0x000001cc   Code   RO          801    x$fpl$dsqrt         fz_ws.l(dsqrt_noumaal.o)
    0x0800ed90   0x000001d4   Code   RO          586    x$fpl$dsub          fz_ws.l(daddsub_clz.o)
    0x0800ef64   0x00000056   Code   RO          606    x$fpl$f2d           fz_ws.l(f2d.o)
    0x0800efba   0x00000002   PAD
    0x0800efbc   0x000000c4   Code   RO          608    x$fpl$fadd          fz_ws.l(faddsub_clz.o)
    0x0800f080   0x00000018   Code   RO          682    x$fpl$fcmpinf       fz_ws.l(fcmpi.o)
    0x0800f098   0x00000184   Code   RO          615    x$fpl$fdiv          fz_ws.l(fdiv.o)
    0x0800f21c   0x00000068   Code   RO          618    x$fpl$feqf          fz_ws.l(feqf.o)
    0x0800f284   0x00000036   Code   RO          620    x$fpl$ffix          fz_ws.l(ffix.o)
    0x0800f2ba   0x00000002   PAD
    0x0800f2bc   0x0000003e   Code   RO          624    x$fpl$ffixu         fz_ws.l(ffixu.o)
    0x0800f2fa   0x00000002   PAD
    0x0800f2fc   0x00000030   Code   RO          629    x$fpl$fflt          fz_ws.l(fflt_clz.o)
    0x0800f32c   0x00000026   Code   RO          628    x$fpl$ffltu         fz_ws.l(fflt_clz.o)
    0x0800f352   0x00000002   PAD
    0x0800f354   0x00000068   Code   RO          634    x$fpl$fleqf         fz_ws.l(fleqf.o)
    0x0800f3bc   0x00000102   Code   RO          636    x$fpl$fmul          fz_ws.l(fmul.o)
    0x0800f4be   0x0000008c   Code   RO          684    x$fpl$fnaninf       fz_ws.l(fnaninf.o)
    0x0800f54a   0x0000000a   Code   RO          686    x$fpl$fretinf       fz_ws.l(fretinf.o)
    0x0800f554   0x00000062   Code   RO          638    x$fpl$frleqf        fz_ws.l(frleqf.o)
    0x0800f5b6   0x00000002   PAD
    0x0800f5b8   0x000000ea   Code   RO          610    x$fpl$fsub          fz_ws.l(faddsub_clz.o)
    0x0800f6a2   0x00000004   Code   RO          640    x$fpl$printf1       fz_ws.l(printf1.o)
    0x0800f6a6   0x00000064   Code   RO          871    x$fpl$retnan        fz_ws.l(retnan.o)
    0x0800f70a   0x0000005c   Code   RO          688    x$fpl$scalbn        fz_ws.l(scalbn.o)
    0x0800f766   0x00000030   Code   RO          883    x$fpl$trapveneer    fz_ws.l(trapv.o)
    0x0800f796   0x00000000   Code   RO          690    x$fpl$usenofp       fz_ws.l(usenofp.o)
    0x0800f796   0x000017c0   Data   RO          230    .constdata          lcd.o
    0x08010f56   0x00000bf6   Data   RO          284    .constdata          inv_mpu_dmp_motion_driver.o
    0x08011b4c   0x00000050   Data   RO          311    .constdata          inv_mpu.o
    0x08011b9c   0x00000028   Data   RO          530    .constdata          c_w.l(_printf_hex_int.o)
    0x08011bc4   0x00000011   Data   RO          565    .constdata          c_w.l(__printf_flags_ss_wp.o)
    0x08011bd5   0x00000003   PAD
    0x08011bd8   0x00000050   Data   RO          644    .constdata          m_ws.l(asin.o)
    0x08011c28   0x00000098   Data   RO          693    .constdata          m_ws.l(atan.o)
    0x08011cc0   0x00000008   Data   RO          719    .constdata          m_ws.l(qnan.o)
    0x08011cc8   0x00000094   Data   RO          764    .constdata          c_w.l(bigflt0.o)
    0x08011d5c   0x0000004d   Data   RO          312    .conststring        inv_mpu.o
    0x08011da9   0x00000003   PAD
    0x08011dac   0x00000028   Data   RO          468    .conststring        usmart.o
    0x08011dd4   0x0000009c   Data   RO          483    .conststring        usmart_config.o
    0x08011e70   0x00000020   Data   RO          953    Region$$Table       anon$$obj.o
    0x08011e90   0x0000001c   Data   RO          792    locale$$data        c_w.l(lc_numeric_c.o)


    Execution Region RW_IRAM1 (Base: 0x20000000, Size: 0x000008f8, Max: 0x0000c000, ABSOLUTE, COMPRESSED[0x00000080])

    Base Addr    Size         Type   Attr      Idx    E Section Name        Object

    0x20000000   0x00000014   Data   RW          186    .data               system_stm32f10x.o
    0x20000014   0x00000001   Data   RW          216    .data               key.o
    0x20000015   0x00000001   PAD
    0x20000016   0x00000004   Data   RW          231    .data               lcd.o
    0x2000001a   0x00000002   PAD
    0x2000001c   0x00000035   Data   RW          313    .data               inv_mpu.o
    0x20000051   0x00000001   PAD
    0x20000052   0x00000004   Data   RW          335    .data               delay.o
    0x20000056   0x00000002   PAD
    0x20000058   0x00000006   Data   RW          367    .data               usart.o
    0x2000005e   0x00000014   Data   RW          418    .data               stm32f10x_rcc.o
    0x20000072   0x00000002   PAD
    0x20000074   0x0000001c   Data   RW          469    .data               usmart.o
    0x20000090   0x0000011c   Data   RW          484    .data               usmart_config.o
    0x200001ac   0x0000000e   Zero   RW          229    .bss                lcd.o
    0x200001ba   0x00000002   PAD
    0x200001bc   0x00000010   Zero   RW          283    .bss                inv_mpu_dmp_motion_driver.o
    0x200001cc   0x000000c8   Zero   RW          366    .bss                usart.o
    0x20000294   0x00000060   Zero   RW          806    .bss                c_w.l(libspace.o)
    0x200002f4   0x00000004   PAD
    0x200002f8   0x00000200   Zero   RW          399    HEAP                startup_stm32f10x_hd.o
    0x200004f8   0x00000400   Zero   RW          398    STACK               startup_stm32f10x_hd.o


==============================================================================

Image component sizes


      Code (inc. data)   RO Data    RW Data    ZI Data      Debug   Object Name

       212         18          0          4          0       1119   delay.o
      8844        196        157         53          0      23373   inv_mpu.o
      3440        126       3062          0         16      15223   inv_mpu_dmp_motion_driver.o
       252         16          0          1          0        876   key.o
     22570        190       6080          4         14      24599   lcd.o
        80          8          0          0          0        547   led.o
      1740        232          0          0          0     256373   main.o
       220         22          0          0          0       1897   misc.o
       872         18          0          0          0       4255   mpu6050.o
       592         14          0          0          0       2090   mpuiic.o
        64         26        304          0       1536        824   startup_stm32f10x_hd.o
       860         38          0          0          0       5741   stm32f10x_gpio.o
        26          0          0          0          0       1230   stm32f10x_it.o
       932         36          0         20          0       8960   stm32f10x_rcc.o
      3610         88          0          0          0      22224   stm32f10x_tim.o
      1032         22          0          0          0       8468   stm32f10x_usart.o
         0          0          0          0          0         32   sys.o
       480         38          0         20          0       1887   system_stm32f10x.o
       320         16          0          6        200       3278   usart.o
      3136       1288         40         28          0       4418   usmart.o
         0          0        156        284          0       1780   usmart_config.o
      1320         12          0          0          0       5149   usmart_str.o

    ----------------------------------------------------------------------
     50608       2404       9834        428       1768     394343   Object Totals
         0          0         32          0          0          0   (incl. Generated)
         6          0          3          8          2          0   (incl. Padding)

    ----------------------------------------------------------------------

      Code (inc. data)   RO Data    RW Data    ZI Data      Debug   Library Member Name

        90          0          0          0          0          0   __dczerorl2.o
         8          0          0          0          0         68   __main.o
       392          4         17          0          0         92   __printf_flags_ss_wp.o
        14          0          0          0          0         68   __printf_wp.o
         0          0          0          0          0          0   __rtentry.o
        12          0          0          0          0          0   __rtentry2.o
         6          0          0          0          0          0   __rtentry4.o
        52          8          0          0          0          0   __scatter.o
        28          0          0          0          0          0   __scatter_zi.o
         6          0          0          0          0          0   _printf_c.o
        44          0          0          0          0        108   _printf_char.o
        48          6          0          0          0         96   _printf_char_common.o
        36          4          0          0          0         80   _printf_char_file.o
         6          0          0          0          0          0   _printf_d.o
       120         16          0          0          0         92   _printf_dec.o
         6          0          0          0          0          0   _printf_f.o
      1050          0          0          0          0        216   _printf_fp_dec.o
       128         16          0          0          0         84   _printf_fp_infnan.o
        88          4         40          0          0         88   _printf_hex_int.o
       178          0          0          0          0         88   _printf_intcommon.o
        78          0          0          0          0        108   _printf_pad.o
         0          0          0          0          0          0   _printf_percent.o
         4          0          0          0          0          0   _printf_percent_end.o
         6          0          0          0          0          0   _printf_s.o
        82          0          0          0          0         80   _printf_str.o
         6          0          0          0          0          0   _printf_u.o
         6          0          0          0          0          0   _printf_x.o
        22          0          0          0          0        100   _rserrno.o
        16          0          0          0          0         68   aeabi_memset.o
       220          4        148          0          0         96   bigflt0.o
      1910        128          0          0          0        672   btod.o
        12          0          0          0          0         72   exit.o
         8          0          0          0          0         68   ferror.o
         6          0          0          0          0        152   heapauxi.o
        44         10         28          0          0         76   lc_numeric_c.o
         2          0          0          0          0          0   libinit.o
        18          0          0          0          0          0   libinit2.o
         2          0          0          0          0          0   libshutdown.o
         2          0          0          0          0          0   libshutdown2.o
         8          4          0          0         96         68   libspace.o
        72          0          0          0          0         76   llsdiv.o
       138          0          0          0          0         80   lludiv10.o
       238          0          0          0          0        100   lludivv7m.o
        88          0          0          0          0         76   memcmp.o
        24          4          0          0          0         84   noretval__2printf.o
         8          4          0          0          0         68   rt_errno_addr_intlibspace.o
         8          4          0          0          0         68   rt_locale_intlibspace.o
        68          0          0          0          0         68   rt_memclr.o
        78          0          0          0          0         80   rt_memclr_w.o
         2          0          0          0          0          0   rtexit.o
        10          0          0          0          0          0   rtexit2.o
       128          0          0          0          0         68   strcmpv7m.o
        74          0          0          0          0         80   sys_stackheap_outer.o
         2          0          0          0          0         68   use_no_semi.o
         2          0          0          0          0         68   use_no_semi_2.o
        98          4          0          0          0         92   d2f.o
       826         16          0          0          0        348   daddsub_clz.o
        16          4          0          0          0         68   dcheck1.o
       688        140          0          0          0        208   ddiv.o
        90          4          0          0          0         92   dfixu.o
        84          0          0          0          0        136   dflt_clz.o
       340         12          0          0          0        104   dmul.o
       156          4          0          0          0         92   dnaninf.o
        12          0          0          0          0         68   dretinf.o
       460         56          0          0          0        120   dsqrt_noumaal.o
        86          4          0          0          0         84   f2d.o
       430          8          0          0          0        168   faddsub_clz.o
        24          0          0          0          0         68   fcmpi.o
       388         76          0          0          0         96   fdiv.o
       104          4          0          0          0         84   feqf.o
        54          4          0          0          0         84   ffix.o
        62          4          0          0          0         84   ffixu.o
        86          0          0          0          0        136   fflt_clz.o
       104          4          0          0          0         84   fleqf.o
       258          4          0          0          0         84   fmul.o
       140          4          0          0          0         84   fnaninf.o
        10          0          0          0          0         68   fretinf.o
        98          0          0          0          0         68   frleqf.o
         4          0          0          0          0         68   printf1.o
       100          0          0          0          0         68   retnan.o
        92          0          0          0          0         68   scalbn.o
        48          0          0          0          0         68   trapv.o
         0          0          0          0          0          0   usenofp.o
       624         52         80          0          0        168   asin.o
       544         70        152          0          0        124   atan.o
       384         38          0          0          0        144   atan2.o
        38          6          0          0          0        272   dunder.o
        40          0          0          0          0         68   fpclassify.o
       170          0          0          0          0         96   poly.o
         0          0          8          0          0          0   qnan.o
        76          0          0          0          0         84   sqrt.o

    ----------------------------------------------------------------------
     12470        734        476          0        100       7372   Library Totals
        32          0          3          0          4          0   (incl. Padding)

    ----------------------------------------------------------------------

      Code (inc. data)   RO Data    RW Data    ZI Data      Debug   Library Name

      5704        216        233          0         96       3624   c_w.l
      4858        352          0          0          0       2792   fz_ws.l
      1876        166        240          0          0        956   m_ws.l

    ----------------------------------------------------------------------
     12470        734        476          0        100       7372   Library Totals

    ----------------------------------------------------------------------

==============================================================================


      Code (inc. data)   RO Data    RW Data    ZI Data      Debug   

     63078       3138      10310        428       1868     395731   Grand Totals
     63078       3138      10310        128       1868     395731   ELF Image Totals (compressed)
     63078       3138      10310        128          0          0   ROM Totals

==============================================================================

    Total RO  Size (Code + RO Data)                73388 (  71.67kB)
    Total RW  Size (RW Data + ZI Data)              2296 (   2.24kB)
    Total ROM Size (Code + RO Data + RW Data)      73516 (  71.79kB)

==============================================================================

